Archive member included to satisfy reference by file (symbol)

/opt/intelFPGA_lite/22.1std/nios2eds/bin/gnu/H-x86_64-pc-linux-gnu/bin/../lib/gcc/nios2-elf/12.2.1/../../../../../H-x86_64-pc-linux-gnu/nios2-elf/lib/mno-hw-mul/libc.a(lib_a-puts.o)
                              obj/default/hello_world.o (puts)
/opt/intelFPGA_lite/22.1std/nios2eds/bin/gnu/H-x86_64-pc-linux-gnu/bin/../lib/gcc/nios2-elf/12.2.1/../../../../../H-x86_64-pc-linux-gnu/nios2-elf/lib/mno-hw-mul/libc.a(lib_a-strlen.o)
                              /opt/intelFPGA_lite/22.1std/nios2eds/bin/gnu/H-x86_64-pc-linux-gnu/bin/../lib/gcc/nios2-elf/12.2.1/../../../../../H-x86_64-pc-linux-gnu/nios2-elf/lib/mno-hw-mul/libc.a(lib_a-puts.o) (strlen)
/opt/intelFPGA_lite/22.1std/nios2eds/bin/gnu/H-x86_64-pc-linux-gnu/bin/../lib/gcc/nios2-elf/12.2.1/../../../../../H-x86_64-pc-linux-gnu/nios2-elf/lib/mno-hw-mul/libc.a(lib_a-findfp.o)
                              /opt/intelFPGA_lite/22.1std/nios2eds/bin/gnu/H-x86_64-pc-linux-gnu/bin/../lib/gcc/nios2-elf/12.2.1/../../../../../H-x86_64-pc-linux-gnu/nios2-elf/lib/mno-hw-mul/libc.a(lib_a-puts.o) (__sinit)
/opt/intelFPGA_lite/22.1std/nios2eds/bin/gnu/H-x86_64-pc-linux-gnu/bin/../lib/gcc/nios2-elf/12.2.1/../../../../../H-x86_64-pc-linux-gnu/nios2-elf/lib/mno-hw-mul/libc.a(lib_a-fvwrite.o)
                              /opt/intelFPGA_lite/22.1std/nios2eds/bin/gnu/H-x86_64-pc-linux-gnu/bin/../lib/gcc/nios2-elf/12.2.1/../../../../../H-x86_64-pc-linux-gnu/nios2-elf/lib/mno-hw-mul/libc.a(lib_a-puts.o) (__sfvwrite_r)
/opt/intelFPGA_lite/22.1std/nios2eds/bin/gnu/H-x86_64-pc-linux-gnu/bin/../lib/gcc/nios2-elf/12.2.1/../../../../../H-x86_64-pc-linux-gnu/nios2-elf/lib/mno-hw-mul/libc.a(lib_a-fwalk.o)
                              /opt/intelFPGA_lite/22.1std/nios2eds/bin/gnu/H-x86_64-pc-linux-gnu/bin/../lib/gcc/nios2-elf/12.2.1/../../../../../H-x86_64-pc-linux-gnu/nios2-elf/lib/mno-hw-mul/libc.a(lib_a-findfp.o) (_fwalk)
/opt/intelFPGA_lite/22.1std/nios2eds/bin/gnu/H-x86_64-pc-linux-gnu/bin/../lib/gcc/nios2-elf/12.2.1/../../../../../H-x86_64-pc-linux-gnu/nios2-elf/lib/mno-hw-mul/libc.a(lib_a-impure.o)
                              /opt/intelFPGA_lite/22.1std/nios2eds/bin/gnu/H-x86_64-pc-linux-gnu/bin/../lib/gcc/nios2-elf/12.2.1/../../../../../H-x86_64-pc-linux-gnu/nios2-elf/lib/mno-hw-mul/libc.a(lib_a-findfp.o) (_global_impure_ptr)
/opt/intelFPGA_lite/22.1std/nios2eds/bin/gnu/H-x86_64-pc-linux-gnu/bin/../lib/gcc/nios2-elf/12.2.1/../../../../../H-x86_64-pc-linux-gnu/nios2-elf/lib/mno-hw-mul/libc.a(lib_a-mallocr.o)
                              /opt/intelFPGA_lite/22.1std/nios2eds/bin/gnu/H-x86_64-pc-linux-gnu/bin/../lib/gcc/nios2-elf/12.2.1/../../../../../H-x86_64-pc-linux-gnu/nios2-elf/lib/mno-hw-mul/libc.a(lib_a-findfp.o) (_malloc_r)
/opt/intelFPGA_lite/22.1std/nios2eds/bin/gnu/H-x86_64-pc-linux-gnu/bin/../lib/gcc/nios2-elf/12.2.1/../../../../../H-x86_64-pc-linux-gnu/nios2-elf/lib/mno-hw-mul/libc.a(lib_a-memchr.o)
                              /opt/intelFPGA_lite/22.1std/nios2eds/bin/gnu/H-x86_64-pc-linux-gnu/bin/../lib/gcc/nios2-elf/12.2.1/../../../../../H-x86_64-pc-linux-gnu/nios2-elf/lib/mno-hw-mul/libc.a(lib_a-fvwrite.o) (memchr)
/opt/intelFPGA_lite/22.1std/nios2eds/bin/gnu/H-x86_64-pc-linux-gnu/bin/../lib/gcc/nios2-elf/12.2.1/../../../../../H-x86_64-pc-linux-gnu/nios2-elf/lib/mno-hw-mul/libc.a(lib_a-memcpy.o)
                              /opt/intelFPGA_lite/22.1std/nios2eds/bin/gnu/H-x86_64-pc-linux-gnu/bin/../lib/gcc/nios2-elf/12.2.1/../../../../../H-x86_64-pc-linux-gnu/nios2-elf/lib/mno-hw-mul/libc.a(lib_a-fvwrite.o) (memcpy)
/opt/intelFPGA_lite/22.1std/nios2eds/bin/gnu/H-x86_64-pc-linux-gnu/bin/../lib/gcc/nios2-elf/12.2.1/../../../../../H-x86_64-pc-linux-gnu/nios2-elf/lib/mno-hw-mul/libc.a(lib_a-memmove.o)
                              /opt/intelFPGA_lite/22.1std/nios2eds/bin/gnu/H-x86_64-pc-linux-gnu/bin/../lib/gcc/nios2-elf/12.2.1/../../../../../H-x86_64-pc-linux-gnu/nios2-elf/lib/mno-hw-mul/libc.a(lib_a-fvwrite.o) (memmove)
/opt/intelFPGA_lite/22.1std/nios2eds/bin/gnu/H-x86_64-pc-linux-gnu/bin/../lib/gcc/nios2-elf/12.2.1/../../../../../H-x86_64-pc-linux-gnu/nios2-elf/lib/mno-hw-mul/libc.a(lib_a-memset.o)
                              /opt/intelFPGA_lite/22.1std/nios2eds/bin/gnu/H-x86_64-pc-linux-gnu/bin/../lib/gcc/nios2-elf/12.2.1/../../../../../H-x86_64-pc-linux-gnu/nios2-elf/lib/mno-hw-mul/libc.a(lib_a-findfp.o) (memset)
/opt/intelFPGA_lite/22.1std/nios2eds/bin/gnu/H-x86_64-pc-linux-gnu/bin/../lib/gcc/nios2-elf/12.2.1/../../../../../H-x86_64-pc-linux-gnu/nios2-elf/lib/mno-hw-mul/libc.a(lib_a-reallocr.o)
                              /opt/intelFPGA_lite/22.1std/nios2eds/bin/gnu/H-x86_64-pc-linux-gnu/bin/../lib/gcc/nios2-elf/12.2.1/../../../../../H-x86_64-pc-linux-gnu/nios2-elf/lib/mno-hw-mul/libc.a(lib_a-fvwrite.o) (_realloc_r)
/opt/intelFPGA_lite/22.1std/nios2eds/bin/gnu/H-x86_64-pc-linux-gnu/bin/../lib/gcc/nios2-elf/12.2.1/../../../../../H-x86_64-pc-linux-gnu/nios2-elf/lib/mno-hw-mul/libc.a(lib_a-sbrkr.o)
[...]
Memory Configuration

Name             Origin             Length             Attributes
reset            0x0000000000000000 0x0000000000000020
onchip_memory2_0 0x0000000000000020 0x0000000000063fe0
*default*        0x0000000000000000 0xffffffffffffffff

Linker script and memory map

LOAD ../blink_bsp//obj/HAL/src/crt0.o
LOAD obj/default/hello_world.o
LOAD /opt/intelFPGA_lite/22.1std/nios2eds/bin/gnu/H-x86_64-pc-linux-gnu/bin/../lib/gcc/nios2-elf/12.2.1/../../../../../H-x86_64-pc-linux-gnu/nios2-elf/lib/mno-hw-mul/libstdc++.a
LOAD /opt/intelFPGA_lite/22.1std/nios2eds/bin/gnu/H-x86_64-pc-linux-gnu/bin/../lib/gcc/nios2-elf/12.2.1/../../../../../H-x86_64-pc-linux-gnu/nios2-elf/lib/mno-hw-mul/libm.a
LOAD /opt/intelFPGA_lite/22.1std/nios2eds/bin/gnu/H-x86_64-pc-linux-gnu/bin/../lib/gcc/nios2-elf/12.2.1/mno-hw-mul/libgcc.a
START GROUP
LOAD /opt/intelFPGA_lite/22.1std/nios2eds/bin/gnu/H-x86_64-pc-linux-gnu/bin/../lib/gcc/nios2-elf/12.2.1/../../../../../H-x86_64-pc-linux-gnu/nios2-elf/lib/mno-hw-mul/libc.a
LOAD /opt/intelFPGA_lite/22.1std/nios2eds/bin/gnu/H-x86_64-pc-linux-gnu/bin/../lib/gcc/nios2-elf/12.2.1/mno-hw-mul/libgcc.a
LOAD ../blink_bsp//libhal_bsp.a
LOAD /opt/intelFPGA_lite/22.1std/nios2eds/bin/gnu/H-x86_64-pc-linux-gnu/bin/../lib/gcc/nios2-elf/12.2.1/../../../../../H-x86_64-pc-linux-gnu/nios2-elf/lib/mno-hw-mul/libm.a
END GROUP
LOAD /opt/intelFPGA_lite/22.1std/nios2eds/bin/gnu/H-x86_64-pc-linux-gnu/bin/../lib/gcc/nios2-elf/12.2.1/mno-hw-mul/libgcc.a
                0x0000000000000000                __alt_mem_onchip_memory2_0 = 0x0

.entry          0x0000000000000000       0x20
 *(.entry)
 .entry         0x0000000000000000       0x20 ../blink_bsp//obj/HAL/src/crt0.o
                0x0000000000000000                __reset

.exceptions     0x0000000000000020      0x204
                0x0000000000000020                PROVIDE (__ram_exceptions_start = ABSOLUTE (.))
                0x0000000000000020                . = ALIGN (0x20)
 *(.irq)
 *(.exceptions.entry.label)
 .exceptions.entry.label
                0x0000000000000020        0x0 ../blink_bsp//libhal_bsp.a(alt_irq_entry.o)
                0x0000000000000020                alt_irq_entry
 .exceptions.entry.label
                0x0000000000000020        0x0 ../blink_bsp//libhal_bsp.a(alt_exception_entry.o)
                0x0000000000000020                alt_exception
 *(.exceptions.entry.user)
 *(.exceptions.entry.ecc_fatal)
 *(.exceptions.entry)
 .exceptions.entry
                0x0000000000000020       0x54 ../blink_bsp//libhal_bsp.a(alt_exception_entry.o)
 *(.exceptions.irqtest.user)
 *(.exceptions.irqtest)
 .exceptions.irqtest
                0x0000000000000074       0x10 ../blink_bsp//libhal_bsp.a(alt_irq_entry.o)
 *(.exceptions.irqhandler.user)
 *(.exceptions.irqhandler)
 .exceptions.irqhandler
                0x0000000000000084        0x4 ../blink_bsp//libhal_bsp.a(alt_irq_entry.o)
 *(.exceptions.irqreturn.user)
 *(.exceptions.irqreturn)
 .exceptions.irqreturn
                0x0000000000000088        0x4 ../blink_bsp//libhal_bsp.a(alt_irq_entry.o)
 *(.exceptions.notirq.label)
 .exceptions.notirq.label
                0x000000000000008c        0x0 ../blink_bsp//libhal_bsp.a(alt_irq_entry.o)
 *(.exceptions.notirq.user)
 *(.exceptions.notirq)
 .exceptions.notirq
                0x000000000000008c        0x8 ../blink_bsp//libhal_bsp.a(alt_exception_entry.o)
 *(.exceptions.soft.user)
 *(.exceptions.soft)
 *(.exceptions.unknown.user)
 *(.exceptions.unknown)
 .exceptions.unknown
                0x0000000000000094       0x14 ../blink_bsp//libhal_bsp.a(alt_exception_entry.o)
 *(.exceptions.exit.label)
 .exceptions.exit.label
                0x00000000000000a8        0x0 ../blink_bsp//libhal_bsp.a(alt_irq_entry.o)
 .exceptions.exit.label
                0x00000000000000a8        0x0 ../blink_bsp//libhal_bsp.a(alt_exception_entry.o)
 *(.exceptions.exit.user)
 *(.exceptions.exit)
 .exceptions.exit
                0x00000000000000a8       0x54 ../blink_bsp//libhal_bsp.a(alt_exception_entry.o)
 *(.exceptions)
 .exceptions    0x00000000000000fc       0xc8 ../blink_bsp//libhal_bsp.a(alt_irq_handler.o)
                0x00000000000000fc                alt_irq_handler
 .exceptions    0x00000000000001c4       0x60 ../blink_bsp//libhal_bsp.a(alt_instruction_exception_entry.o)
                0x00000000000001c4                alt_instruction_exception_entry
                0x0000000000000224                PROVIDE (__ram_exceptions_end = ABSOLUTE (.))
                0x0000000000000020                PROVIDE (__flash_exceptions_start = LOADADDR (.exceptions))

.text           0x0000000000000224     0x5658
                [!provide]                        PROVIDE (stext = ABSOLUTE (.))
 *(.interp)
 *(.hash)
 *(.dynsym)
 *(.dynstr)
 *(.gnu.version)
 *(.gnu.version_d)
 *(.gnu.version_r)
 *(.rel.init)
 *(.rela.init)
 *(.rel.text .rel.text.* .rel.gnu.linkonce.t.*)
 *(.rela.text .rela.text.* .rela.gnu.linkonce.t.*)
 *(.rel.fini)
 *(.rela.fini)
 *(.rel.rodata .rel.rodata.* .rel.gnu.linkonce.r.*)
 *(.rela.rodata .rela.rodata.* .rela.gnu.linkonce.r.*)
 *(.rel.data .rel.data.* .rel.gnu.linkonce.d.*)
 *(.rela.data .rela.data.* .rela.gnu.linkonce.d.*)
 *(.rel.tdata .rel.tdata.* .rel.gnu.linkonce.td.*)
 *(.rela.tdata .rela.tdata.* .rela.gnu.linkonce.td.*)
 *(.rel.tbss .rel.tbss.* .rel.gnu.linkonce.tb.*)
 *(.rela.tbss .rela.tbss.* .rela.gnu.linkonce.tb.*)
 *(.rel.ctors)
 *(.rela.ctors)
 *(.rel.dtors)
 *(.rela.dtors)
 *(.rel.got)
 *(.rela.got)
 *(.rel.sdata .rel.sdata.* .rel.gnu.linkonce.s.*)
 *(.rela.sdata .rela.sdata.* .rela.gnu.linkonce.s.*)
 *(.rel.sbss .rel.sbss.* .rel.gnu.linkonce.sb.*)
 *(.rela.sbss .rela.sbss.* .rela.gnu.linkonce.sb.*)
 *(.rel.sdata2 .rel.sdata2.* .rel.gnu.linkonce.s2.*)
 *(.rela.sdata2 .rela.sdata2.* .rela.gnu.linkonce.s2.*)
 *(.rel.sbss2 .rel.sbss2.* .rel.gnu.linkonce.sb2.*)
 *(.rela.sbss2 .rela.sbss2.* .rela.gnu.linkonce.sb2.*)
 *(.rel.bss .rel.bss.* .rel.gnu.linkonce.b.*)
 *(.rela.bss .rela.bss.* .rela.gnu.linkonce.b.*)
 *(.rel.plt)
 *(.rela.plt)
 *(.rel.dyn)
 *(.init)
 *(.plt)
 *(.text .stub .text.* .gnu.linkonce.t.*)
 .text          0x0000000000000224       0x3c ../blink_bsp//obj/HAL/src/crt0.o
                0x0000000000000224                _start
 .text          0x0000000000000260       0x64 obj/default/hello_world.o
                0x0000000000000260                main
 .text          0x00000000000002c4        0x0 /opt/intelFPGA_lite/22.1std/nios2eds/bin/gnu/H-x86_64-pc-linux-gnu/bin/../lib/gcc/nios2-elf/12.2.1/../../../../../H-x86_64-pc-linux-gnu/nios2-elf/lib/mno-hw-mul/libc.a(lib_a-puts.o)
 .text._puts_r  0x00000000000002c4       0xd0 /opt/intelFPGA_lite/22.1std/nios2eds/bin/gnu/H-x86_64-pc-linux-gnu/bin/../lib/gcc/nios2-elf/12.2.1/../../../../../H-x86_64-pc-linux-gnu/nios2-elf/lib/mno-hw-mul/libc.a(lib_a-puts.o)
                0x00000000000002c4                _puts_r
 .text.puts     0x0000000000000394       0x10 /opt/intelFPGA_lite/22.1std/nios2eds/bin/gnu/H-x86_64-pc-linux-gnu/bin/../lib/gcc/nios2-elf/12.2.1/../../../../../H-x86_64-pc-linux-gnu/nios2-elf/lib/mno-hw-mul/libc.a(lib_a-puts.o)
                0x0000000000000394                puts
 .text          0x00000000000003a4        0x0 /opt/intelFPGA_lite/22.1std/nios2eds/bin/gnu/H-x86_64-pc-linux-gnu/bin/../lib/gcc/nios2-elf/12.2.1/../../../../../H-x86_64-pc-linux-gnu/nios2-elf/lib/mno-hw-mul/libc.a(lib_a-strlen.o)
 .text.strlen   0x00000000000003a4       0x98 /opt/intelFPGA_lite/22.1std/nios2eds/bin/gnu/H-x86_64-pc-linux-gnu/bin/../lib/gcc/nios2-elf/12.2.1/../../../../../H-x86_64-pc-linux-gnu/nios2-elf/lib/mno-hw-mul/libc.a(lib_a-strlen.o)
                0x00000000000003a4                strlen
 .text          0x000000000000043c        0x0 /opt/intelFPGA_lite/22.1std/nios2eds/bin/gnu/H-x86_64-pc-linux-gnu/bin/../lib/gcc/nios2-elf/12.2.1/../../../../../H-x86_64-pc-linux-gnu/nios2-elf/lib/mno-hw-mul/libc.a(lib_a-findfp.o)
 .text.__fp_lock
                0x000000000000043c        0x8 /opt/intelFPGA_lite/22.1std/nios2eds/bin/gnu/H-x86_64-pc-linux-gnu/bin/../lib/gcc/nios2-elf/12.2.1/../../../../../H-x86_64-pc-linux-gnu/nios2-elf/lib/mno-hw-mul/libc.a(lib_a-findfp.o)
 .text._cleanup_r
                0x0000000000000444        0xc /opt/intelFPGA_lite/22.1std/nios2eds/bin/gnu/H-x86_64-pc-linux-gnu/bin/../lib/gcc/nios2-elf/12.2.1/../../../../../H-x86_64-pc-linux-gnu/nios2-elf/lib/mno-hw-mul/libc.a(lib_a-findfp.o)
                0x0000000000000444                _cleanup_r
 .text.__fp_unlock
                0x0000000000000450        0x8 /opt/intelFPGA_lite/22.1std/nios2eds/bin/gnu/H-x86_64-pc-linux-gnu/bin/../lib/gcc/nios2-elf/12.2.1/../../../../../H-x86_64-pc-linux-gnu/nios2-elf/lib/mno-hw-mul/libc.a(lib_a-findfp.o)
 .text.__sinit.part.0
                0x0000000000000458      0x168 /opt/intelFPGA_lite/22.1std/nios2eds/bin/gnu/H-x86_64-pc-linux-gnu/bin/../lib/gcc/nios2-elf/12.2.1/../../../../../H-x86_64-pc-linux-gnu/nios2-elf/lib/mno-hw-mul/libc.a(lib_a-findfp.o)
 .text.__sfmoreglue
                0x00000000000005c0       0x78 /opt/intelFPGA_lite/22.1std/nios2eds/bin/gnu/H-x86_64-pc-linux-gnu/bin/../lib/gcc/nios2-elf/12.2.1/../../../../../H-x86_64-pc-linux-gnu/nios2-elf/lib/mno-hw-mul/libc.a(lib_a-findfp.o)
                0x00000000000005c0                __sfmoreglue
 .text.__sfp    0x0000000000000638      0x134 /opt/intelFPGA_lite/22.1std/nios2eds/bin/gnu/H-x86_64-pc-linux-gnu/bin/../lib/gcc/nios2-elf/12.2.1/../../../../../H-x86_64-pc-linux-gnu/nios2-elf/lib/mno-hw-mul/libc.a(lib_a-findfp.o)
                0x0000000000000638                __sfp
 .text._cleanup
                0x000000000000076c       0x14 /opt/intelFPGA_lite/22.1std/nios2eds/bin/gnu/H-x86_64-pc-linux-gnu/bin/../lib/gcc/nios2-elf/12.2.1/../../../../../H-x86_64-pc-linux-gnu/nios2-elf/lib/mno-hw-mul/libc.a(lib_a-findfp.o)
                0x000000000000076c                _cleanup
 .text.__sinit  0x0000000000000780       0x10 /opt/intelFPGA_lite/22.1std/nios2eds/bin/gnu/H-x86_64-pc-linux-gnu/bin/../lib/gcc/nios2-elf/12.2.1/../../../../../H-x86_64-pc-linux-gnu/nios2-elf/lib/mno-hw-mul/libc.a(lib_a-findfp.o)
                0x0000000000000780                __sinit
 .text.__sfp_lock_acquire
                0x0000000000000790        0x4 /opt/intelFPGA_lite/22.1std/nios2eds/bin/gnu/H-x86_64-pc-linux-gnu/bin/../lib/gcc/nios2-elf/12.2.1/../../../../../H-x86_64-pc-linux-gnu/nios2-elf/lib/mno-hw-mul/libc.a(lib_a-findfp.o)
                0x0000000000000790                __sfp_lock_acquire
 .text.__sfp_lock_release
                0x0000000000000794        0x4 /opt/intelFPGA_lite/22.1std/nios2eds/bin/gnu/H-x86_64-pc-linux-gnu/bin/../lib/gcc/nios2-elf/12.2.1/../../../../../H-x86_64-pc-linux-gnu/nios2-elf/lib/mno-hw-mul/libc.a(lib_a-findfp.o)
                0x0000000000000794                __sfp_lock_release
 .text.__sinit_lock_acquire
                0x0000000000000798        0x4 /opt/intelFPGA_lite/22.1std/nios2eds/bin/gnu/H-x86_64-pc-linux-gnu/bin/../lib/gcc/nios2-elf/12.2.1/../../../../../H-x86_64-pc-linux-gnu/nios2-elf/lib/mno-hw-mul/libc.a(lib_a-findfp.o)
                0x0000000000000798                __sinit_lock_acquire
 .text.__sinit_lock_release
                0x000000000000079c        0x4 /opt/intelFPGA_lite/22.1std/nios2eds/bin/gnu/H-x86_64-pc-linux-gnu/bin/../lib/gcc/nios2-elf/12.2.1/../../../../../H-x86_64-pc-linux-gnu/nios2-elf/lib/mno-hw-mul/libc.a(lib_a-findfp.o)
                0x000000000000079c                __sinit_lock_release
 .text.__fp_lock_all
                0x00000000000007a0       0x14 /opt/intelFPGA_lite/22.1std/nios2eds/bin/gnu/H-x86_64-pc-linux-gnu/bin/../lib/gcc/nios2-elf/12.2.1/../../../../../H-x86_64-pc-linux-gnu/nios2-elf/lib/mno-hw-mul/libc.a(lib_a-findfp.o)
                0x00000000000007a0                __fp_lock_all
 .text.__fp_unlock_all
                0x00000000000007b4       0x14 /opt/intelFPGA_lite/22.1std/nios2eds/bin/gnu/H-x86_64-pc-linux-gnu/bin/../lib/gcc/nios2-elf/12.2.1/../../../../../H-x86_64-pc-linux-gnu/nios2-elf/lib/mno-hw-mul/libc.a(lib_a-findfp.o)
                0x00000000000007b4                __fp_unlock_all
 .text          0x00000000000007c8        0x0 /opt/intelFPGA_lite/22.1std/nios2eds/bin/gnu/H-x86_64-pc-linux-gnu/bin/../lib/gcc/nios2-elf/12.2.1/../../../../../H-x86_64-pc-linux-gnu/nios2-elf/lib/mno-hw-mul/libc.a(lib_a-fvwrite.o)
 .text.__sfvwrite_r
                0x00000000000007c8      0x4a8 /opt/intelFPGA_lite/22.1std/nios2eds/bin/gnu/H-x86_64-pc-linux-gnu/bin/../lib/gcc/nios2-elf/12.2.1/../../../../../H-x86_64-pc-linux-gnu/nios2-elf/lib/mno-hw-mul/libc.a(lib_a-fvwrite.o)
                0x00000000000007c8                __sfvwrite_r
 .text          0x0000000000000c70        0x0 /opt/intelFPGA_lite/22.1std/nios2eds/bin/gnu/H-x86_64-pc-linux-gnu/bin/../lib/gcc/nios2-elf/12.2.1/../../../../../H-x86_64-pc-linux-gnu/nios2-elf/lib/mno-hw-mul/libc.a(lib_a-fwalk.o)
 .text._fwalk   0x0000000000000c70       0x98 /opt/intelFPGA_lite/22.1std/nios2eds/bin/gnu/H-x86_64-pc-linux-gnu/bin/../lib/gcc/nios2-elf/12.2.1/../../../../../H-x86_64-pc-linux-gnu/nios2-elf/lib/mno-hw-mul/libc.a(lib_a-fwalk.o)
                0x0000000000000c70                _fwalk
 .text._fwalk_reent
                0x0000000000000d08       0xa8 /opt/intelFPGA_lite/22.1std/nios2eds/bin/gnu/H-x86_64-pc-linux-gnu/bin/../lib/gcc/nios2-elf/12.2.1/../../../../../H-x86_64-pc-linux-gnu/nios2-elf/lib/mno-hw-mul/libc.a(lib_a-fwalk.o)
                0x0000000000000d08                _fwalk_reent
 .text          0x0000000000000db0        0x0 /opt/intelFPGA_lite/22.1std/nios2eds/bin/gnu/H-x86_64-pc-linux-gnu/bin/../lib/gcc/nios2-elf/12.2.1/../../../../../H-x86_64-pc-linux-gnu/nios2-elf/lib/mno-hw-mul/libc.a(lib_a-impure.o)
 .text          0x0000000000000db0        0x0 /opt/intelFPGA_lite/22.1std/nios2eds/bin/gnu/H-x86_64-pc-linux-gnu/bin/../lib/gcc/nios2-elf/12.2.1/../../../../../H-x86_64-pc-linux-gnu/nios2-elf/lib/mno-hw-mul/libc.a(lib_a-mallocr.o)
 .text._malloc_r
                0x0000000000000db0      0x7b4 /opt/intelFPGA_lite/22.1std/nios2eds/bin/gnu/H-x86_64-pc-linux-gnu/bin/../lib/gcc/nios2-elf/12.2.1/../../../../../H-x86_64-pc-linux-gnu/nios2-elf/lib/mno-hw-mul/libc.a(lib_a-mallocr.o)
                0x0000000000000db0                _malloc_r
 .text          0x0000000000001564        0x0 /opt/intelFPGA_lite/22.1std/nios2eds/bin/gnu/H-x86_64-pc-linux-gnu/bin/../lib/gcc/nios2-elf/12.2.1/../../../../../H-x86_64-pc-linux-gnu/nios2-elf/lib/mno-hw-mul/libc.a(lib_a-memchr.o)
 .text.memchr   0x0000000000001564       0xfc /opt/intelFPGA_lite/22.1std/nios2eds/bin/gnu/H-x86_64-pc-linux-gnu/bin/../lib/gcc/nios2-elf/12.2.1/../../../../../H-x86_64-pc-linux-gnu/nios2-elf/lib/mno-hw-mul/libc.a(lib_a-memchr.o)
                0x0000000000001564                memchr
 .text          0x0000000000001660        0x0 /opt/intelFPGA_lite/22.1std/nios2eds/bin/gnu/H-x86_64-pc-linux-gnu/bin/../lib/gcc/nios2-elf/12.2.1/../../../../../H-x86_64-pc-linux-gnu/nios2-elf/lib/mno-hw-mul/libc.a(lib_a-memcpy.o)
 .text.memcpy   0x0000000000001660      0x100 /opt/intelFPGA_lite/22.1std/nios2eds/bin/gnu/H-x86_64-pc-linux-gnu/bin/../lib/gcc/nios2-elf/12.2.1/../../../../../H-x86_64-pc-linux-gnu/nios2-elf/lib/mno-hw-mul/libc.a(lib_a-memcpy.o)
                0x0000000000001660                memcpy
 .text          0x0000000000001760        0x0 /opt/intelFPGA_lite/22.1std/nios2eds/bin/gnu/H-x86_64-pc-linux-gnu/bin/../lib/gcc/nios2-elf/12.2.1/../../../../../H-x86_64-pc-linux-gnu/nios2-elf/lib/mno-hw-mul/libc.a(lib_a-memmove.o)
 .text.memmove  0x0000000000001760      0x128 /opt/intelFPGA_lite/22.1std/nios2eds/bin/gnu/H-x86_64-pc-linux-gnu/bin/../lib/gcc/nios2-elf/12.2.1/../../../../../H-x86_64-pc-linux-gnu/nios2-elf/lib/mno-hw-mul/libc.a(lib_a-memmove.o)
                0x0000000000001760                memmove
 .text          0x0000000000001888        0x0 /opt/intelFPGA_lite/22.1std/nios2eds/bin/gnu/H-x86_64-pc-linux-gnu/bin/../lib/gcc/nios2-elf/12.2.1/../../../../../H-x86_64-pc-linux-gnu/nios2-elf/lib/mno-hw-mul/libc.a(lib_a-memset.o)
 .text.memset   0x0000000000001888      0x140 /opt/intelFPGA_lite/22.1std/nios2eds/bin/gnu/H-x86_64-pc-linux-gnu/bin/../lib/gcc/nios2-elf/12.2.1/../../../../../H-x86_64-pc-linux-gnu/nios2-elf/lib/mno-hw-mul/libc.a(lib_a-memset.o)
                0x0000000000001888                memset
 .text          0x00000000000019c8        0x0 /opt/intelFPGA_lite/22.1std/nios2eds/bin/gnu/H-x86_64-pc-linux-gnu/bin/../lib/gcc/nios2-elf/12.2.1/../../../../../H-x86_64-pc-linux-gnu/nios2-elf/lib/mno-hw-mul/libc.a(lib_a-reallocr.o)
 .text._realloc_r
                0x00000000000019c8      0x5f4 /opt/intelFPGA_lite/22.1std/nios2eds/bin/gnu/H-x86_64-pc-linux-gnu/bin/../lib/gcc/nios2-elf/12.2.1/../../../../../H-x86_64-pc-linux-gnu/nios2-elf/lib/mno-hw-mul/libc.a(lib_a-reallocr.o)
                0x00000000000019c8                _realloc_r
 .text          0x0000000000001fbc        0x0 /opt/intelFPGA_lite/22.1std/nios2eds/bin/gnu/H-x86_64-pc-linux-gnu/bin/../lib/gcc/nios2-elf/12.2.1/../../../../../H-x86_64-pc-linux-gnu/nios2-elf/lib/mno-hw-mul/libc.a(lib_a-sbrkr.o)
 .text._sbrk_r  0x0000000000001fbc       0x58 /opt/intelFPGA_lite/22.1std/nios2eds/bin/gnu/H-x86_64-pc-linux-gnu/bin/../lib/gcc/nios2-elf/12.2.1/../../../../../H-x86_64-pc-linux-gnu/nios2-elf/lib/mno-hw-mul/libc.a(lib_a-sbrkr.o)
                0x0000000000001fbc                _sbrk_r
 .text          0x0000000000002014        0x0 /opt/intelFPGA_lite/22.1std/nios2eds/bin/gnu/H-x86_64-pc-linux-gnu/bin/../lib/gcc/nios2-elf/12.2.1/../../../../../H-x86_64-pc-linux-gnu/nios2-elf/lib/mno-hw-mul/libc.a(lib_a-stdio.o)
 .text.__sread  0x0000000000002014       0x54 /opt/intelFPGA_lite/22.1std/nios2eds/bin/gnu/H-x86_64-pc-linux-gnu/bin/../lib/gcc/nios2-elf/12.2.1/../../../../../H-x86_64-pc-linux-gnu/nios2-elf/lib/mno-hw-mul/libc.a(lib_a-stdio.o)
                0x0000000000002014                __sread
 .text.__seofread
                0x0000000000002068        0x8 /opt/intelFPGA_lite/22.1std/nios2eds/bin/gnu/H-x86_64-pc-linux-gnu/bin/../lib/gcc/nios2-elf/12.2.1/../../../../../H-x86_64-pc-linux-gnu/nios2-elf/lib/mno-hw-mul/libc.a(lib_a-stdio.o)
                0x0000000000002068                __seofread
 .text.__swrite
                0x0000000000002070       0x80 /opt/intelFPGA_lite/22.1std/nios2eds/bin/gnu/H-x86_64-pc-linux-gnu/bin/../lib/gcc/nios2-elf/12.2.1/../../../../../H-x86_64-pc-linux-gnu/nios2-elf/lib/mno-hw-mul/libc.a(lib_a-stdio.o)
                0x0000000000002070                __swrite
 .text.__sseek  0x00000000000020f0       0x5c /opt/intelFPGA_lite/22.1std/nios2eds/bin/gnu/H-x86_64-pc-linux-gnu/bin/../lib/gcc/nios2-elf/12.2.1/../../../../../H-x86_64-pc-linux-gnu/nios2-elf/lib/mno-hw-mul/libc.a(lib_a-stdio.o)
                0x00000000000020f0                __sseek
 .text.__sclose
                0x000000000000214c        0x8 /opt/intelFPGA_lite/22.1std/nios2eds/bin/gnu/H-x86_64-pc-linux-gnu/bin/../lib/gcc/nios2-elf/12.2.1/../../../../../H-x86_64-pc-linux-gnu/nios2-elf/lib/mno-hw-mul/libc.a(lib_a-stdio.o)
                0x000000000000214c                __sclose
 .text          0x0000000000002154        0x0 /opt/intelFPGA_lite/22.1std/nios2eds/bin/gnu/H-x86_64-pc-linux-gnu/bin/../lib/gcc/nios2-elf/12.2.1/../../../../../H-x86_64-pc-linux-gnu/nios2-elf/lib/mno-hw-mul/libc.a(lib_a-writer.o)
 .text._write_r
                0x0000000000002154       0x64 /opt/intelFPGA_lite/22.1std/nios2eds/bin/gnu/H-x86_64-pc-linux-gnu/bin/../lib/gcc/nios2-elf/12.2.1/../../../../../H-x86_64-pc-linux-gnu/nios2-elf/lib/mno-hw-mul/libc.a(lib_a-writer.o)
                0x0000000000002154                _write_r
 .text          0x00000000000021b8        0x0 /opt/intelFPGA_lite/22.1std/nios2eds/bin/gnu/H-x86_64-pc-linux-gnu/bin/../lib/gcc/nios2-elf/12.2.1/../../../../../H-x86_64-pc-linux-gnu/nios2-elf/lib/mno-hw-mul/libc.a(lib_a-wsetup.o)
 .text.__swsetup_r
                0x00000000000021b8      0x14c /opt/intelFPGA_lite/22.1std/nios2eds/bin/gnu/H-x86_64-pc-linux-gnu/bin/../lib/gcc/nios2-elf/12.2.1/../../../../../H-x86_64-pc-linux-gnu/nios2-elf/lib/mno-hw-mul/libc.a(lib_a-wsetup.o)
                0x00000000000021b8                __swsetup_r
 .text          0x0000000000002304        0x0 /opt/intelFPGA_lite/22.1std/nios2eds/bin/gnu/H-x86_64-pc-linux-gnu/bin/../lib/gcc/nios2-elf/12.2.1/../../../../../H-x86_64-pc-linux-gnu/nios2-elf/lib/mno-hw-mul/libc.a(closer.o)
 .text._close_r
                0x0000000000002304       0x58 /opt/intelFPGA_lite/22.1std/nios2eds/bin/gnu/H-x86_64-pc-linux-gnu/bin/../lib/gcc/nios2-elf/12.2.1/../../../../../H-x86_64-pc-linux-gnu/nios2-elf/lib/mno-hw-mul/libc.a(closer.o)
                0x0000000000002304                _close_r
 .text          0x000000000000235c        0x0 /opt/intelFPGA_lite/22.1std/nios2eds/bin/gnu/H-x86_64-pc-linux-gnu/bin/../lib/gcc/nios2-elf/12.2.1/../../../../../H-x86_64-pc-linux-gnu/nios2-elf/lib/mno-hw-mul/libc.a(lib_a-fclose.o)
 .text._fclose_r
                0x000000000000235c       0xf8 /opt/intelFPGA_lite/22.1std/nios2eds/bin/gnu/H-x86_64-pc-linux-gnu/bin/../lib/gcc/nios2-elf/12.2.1/../../../../../H-x86_64-pc-linux-gnu/nios2-elf/lib/mno-hw-mul/libc.a(lib_a-fclose.o)
                0x000000000000235c                _fclose_r
 .text.fclose   0x0000000000002454       0x10 /opt/intelFPGA_lite/22.1std/nios2eds/bin/gnu/H-x86_64-pc-linux-gnu/bin/../lib/gcc/nios2-elf/12.2.1/../../../../../H-x86_64-pc-linux-gnu/nios2-elf/lib/mno-hw-mul/libc.a(lib_a-fclose.o)
                0x0000000000002454                fclose
 .text          0x0000000000002464        0x0 /opt/intelFPGA_lite/22.1std/nios2eds/bin/gnu/H-x86_64-pc-linux-gnu/bin/../lib/gcc/nios2-elf/12.2.1/../../../../../H-x86_64-pc-linux-gnu/nios2-elf/lib/mno-hw-mul/libc.a(lib_a-fflush.o)
 .text.__sflush_r
                0x0000000000002464      0x208 /opt/intelFPGA_lite/22.1std/nios2eds/bin/gnu/H-x86_64-pc-linux-gnu/bin/../lib/gcc/nios2-elf/12.2.1/../../../../../H-x86_64-pc-linux-gnu/nios2-elf/lib/mno-hw-mul/libc.a(lib_a-fflush.o)
                0x0000000000002464                __sflush_r
 .text._fflush_r
                0x000000000000266c       0x60 /opt/intelFPGA_lite/22.1std/nios2eds/bin/gnu/H-x86_64-pc-linux-gnu/bin/../lib/gcc/nios2-elf/12.2.1/../../../../../H-x86_64-pc-linux-gnu/nios2-elf/lib/mno-hw-mul/libc.a(lib_a-fflush.o)
                0x000000000000266c                _fflush_r
 .text.fflush   0x00000000000026cc       0x84 /opt/intelFPGA_lite/22.1std/nios2eds/bin/gnu/H-x86_64-pc-linux-gnu/bin/../lib/gcc/nios2-elf/12.2.1/../../../../../H-x86_64-pc-linux-gnu/nios2-elf/lib/mno-hw-mul/libc.a(lib_a-fflush.o)
                0x00000000000026cc                fflush
 .text          0x0000000000002750        0x0 /opt/intelFPGA_lite/22.1std/nios2eds/bin/gnu/H-x86_64-pc-linux-gnu/bin/../lib/gcc/nios2-elf/12.2.1/../../../../../H-x86_64-pc-linux-gnu/nios2-elf/lib/mno-hw-mul/libc.a(lib_a-freer.o)
 .text._malloc_trim_r
                0x0000000000002750      0x124 /opt/intelFPGA_lite/22.1std/nios2eds/bin/gnu/H-x86_64-pc-linux-gnu/bin/../lib/gcc/nios2-elf/12.2.1/../../../../../H-x86_64-pc-linux-gnu/nios2-elf/lib/mno-hw-mul/libc.a(lib_a-freer.o)
                0x0000000000002750                _malloc_trim_r
 .text._free_r  0x0000000000002874      0x308 /opt/intelFPGA_lite/22.1std/nios2eds/bin/gnu/H-x86_64-pc-linux-gnu/bin/../lib/gcc/nios2-elf/12.2.1/../../../../../H-x86_64-pc-linux-gnu/nios2-elf/lib/mno-hw-mul/libc.a(lib_a-freer.o)
                0x0000000000002874                _free_r
 .text          0x0000000000002b7c        0x0 /opt/intelFPGA_lite/22.1std/nios2eds/bin/gnu/H-x86_64-pc-linux-gnu/bin/../lib/gcc/nios2-elf/12.2.1/../../../../../H-x86_64-pc-linux-gnu/nios2-elf/lib/mno-hw-mul/libc.a(lib_a-int_errno.o)
 .text          0x0000000000002b7c        0x0 /opt/intelFPGA_lite/22.1std/nios2eds/bin/gnu/H-x86_64-pc-linux-gnu/bin/../lib/gcc/nios2-elf/12.2.1/../../../../../H-x86_64-pc-linux-gnu/nios2-elf/lib/mno-hw-mul/libc.a(lib_a-lseekr.o)
 .text._lseek_r
                0x0000000000002b7c       0x64 /opt/intelFPGA_lite/22.1std/nios2eds/bin/gnu/H-x86_64-pc-linux-gnu/bin/../lib/gcc/nios2-elf/12.2.1/../../../../../H-x86_64-pc-linux-gnu/nios2-elf/lib/mno-hw-mul/libc.a(lib_a-lseekr.o)
                0x0000000000002b7c                _lseek_r
 .text          0x0000000000002be0        0x0 /opt/intelFPGA_lite/22.1std/nios2eds/bin/gnu/H-x86_64-pc-linux-gnu/bin/../lib/gcc/nios2-elf/12.2.1/../../../../../H-x86_64-pc-linux-gnu/nios2-elf/lib/mno-hw-mul/libc.a(lib_a-makebuf.o)
 .text.__smakebuf_r
                0x0000000000002be0      0x1a0 /opt/intelFPGA_lite/22.1std/nios2eds/bin/gnu/H-x86_64-pc-linux-gnu/bin/../lib/gcc/nios2-elf/12.2.1/../../../../../H-x86_64-pc-linux-gnu/nios2-elf/lib/mno-hw-mul/libc.a(lib_a-makebuf.o)
                0x0000000000002be0                __smakebuf_r
 .text.__swhatbuf_r
                0x0000000000002d80       0x8c /opt/intelFPGA_lite/22.1std/nios2eds/bin/gnu/H-x86_64-pc-linux-gnu/bin/../lib/gcc/nios2-elf/12.2.1/../../../../../H-x86_64-pc-linux-gnu/nios2-elf/lib/mno-hw-mul/libc.a(lib_a-makebuf.o)
                0x0000000000002d80                __swhatbuf_r
 .text          0x0000000000002e0c        0x0 /opt/intelFPGA_lite/22.1std/nios2eds/bin/gnu/H-x86_64-pc-linux-gnu/bin/../lib/gcc/nios2-elf/12.2.1/../../../../../H-x86_64-pc-linux-gnu/nios2-elf/lib/mno-hw-mul/libc.a(lib_a-readr.o)
 .text._read_r  0x0000000000002e0c       0x64 /opt/intelFPGA_lite/22.1std/nios2eds/bin/gnu/H-x86_64-pc-linux-gnu/bin/../lib/gcc/nios2-elf/12.2.1/../../../../../H-x86_64-pc-linux-gnu/nios2-elf/lib/mno-hw-mul/libc.a(lib_a-readr.o)
                0x0000000000002e0c                _read_r
 .text          0x0000000000002e70        0x0 /opt/intelFPGA_lite/22.1std/nios2eds/bin/gnu/H-x86_64-pc-linux-gnu/bin/../lib/gcc/nios2-elf/12.2.1/../../../../../H-x86_64-pc-linux-gnu/nios2-elf/lib/mno-hw-mul/libc.a(lib_a-fstatr.o)
 .text._fstat_r
                0x0000000000002e70       0x60 /opt/intelFPGA_lite/22.1std/nios2eds/bin/gnu/H-x86_64-pc-linux-gnu/bin/../lib/gcc/nios2-elf/12.2.1/../../../../../H-x86_64-pc-linux-gnu/nios2-elf/lib/mno-hw-mul/libc.a(lib_a-fstatr.o)
                0x0000000000002e70                _fstat_r
 .text          0x0000000000002ed0        0x0 /opt/intelFPGA_lite/22.1std/nios2eds/bin/gnu/H-x86_64-pc-linux-gnu/bin/../lib/gcc/nios2-elf/12.2.1/../../../../../H-x86_64-pc-linux-gnu/nios2-elf/lib/mno-hw-mul/libc.a(lib_a-isattyr.o)
 .text._isatty_r
                0x0000000000002ed0       0x58 /opt/intelFPGA_lite/22.1std/nios2eds/bin/gnu/H-x86_64-pc-linux-gnu/bin/../lib/gcc/nios2-elf/12.2.1/../../../../../H-x86_64-pc-linux-gnu/nios2-elf/lib/mno-hw-mul/libc.a(lib_a-isattyr.o)
                0x0000000000002ed0                _isatty_r
 .text          0x0000000000002f28      0x1b4 /opt/intelFPGA_lite/22.1std/nios2eds/bin/gnu/H-x86_64-pc-linux-gnu/bin/../lib/gcc/nios2-elf/12.2.1/mno-hw-mul/libgcc.a(lib2-divmod.o)
                0x0000000000002f28                __divsi3
                0x0000000000002fa8                __modsi3
                0x000000000000301c                __udivsi3
                0x0000000000003080                __umodsi3
 .text          0x00000000000030dc       0x28 /opt/intelFPGA_lite/22.1std/nios2eds/bin/gnu/H-x86_64-pc-linux-gnu/bin/../lib/gcc/nios2-elf/12.2.1/mno-hw-mul/libgcc.a(lib2-mul.o)
                0x00000000000030dc                __mulsi3
 .text          0x0000000000003104      0x118 ../blink_bsp//libhal_bsp.a(alt_close.o)
                0x0000000000003140                close
 .text          0x000000000000321c       0x2c ../blink_bsp//libhal_bsp.a(alt_dev.o)
 .text          0x0000000000003248        0x0 ../blink_bsp//libhal_bsp.a(alt_errno.o)
 .text          0x0000000000003248       0xf8 ../blink_bsp//libhal_bsp.a(alt_fstat.o)
                0x0000000000003284                fstat
 .text          0x0000000000003340       0xec ../blink_bsp//libhal_bsp.a(alt_isatty.o)
                0x000000000000337c                isatty
 .text          0x000000000000342c       0xec ../blink_bsp//libhal_bsp.a(alt_load.o)
                0x0000000000003494                alt_load
 .text          0x0000000000003518      0x11c ../blink_bsp//libhal_bsp.a(alt_lseek.o)
                0x0000000000003554                lseek
 .text          0x0000000000003634       0x7c ../blink_bsp//libhal_bsp.a(alt_main.o)
                0x0000000000003634                alt_main
 .text          0x00000000000036b0       0x48 ../blink_bsp//libhal_bsp.a(alt_malloc_lock.o)
                0x00000000000036b0                __malloc_lock
                0x00000000000036d4                __malloc_unlock
 .text          0x00000000000036f8      0x144 ../blink_bsp//libhal_bsp.a(alt_read.o)
                0x0000000000003734                read
 .text          0x000000000000383c       0x70 ../blink_bsp//libhal_bsp.a(alt_release_fd.o)
                0x000000000000383c                alt_release_fd
 .text          0x00000000000038ac       0xb8 ../blink_bsp//libhal_bsp.a(alt_sbrk.o)
                0x00000000000038ac                sbrk
 .text          0x0000000000003964       0x30 ../blink_bsp//libhal_bsp.a(alt_usleep.o)
                0x0000000000003964                usleep
 .text          0x0000000000003994      0x140 ../blink_bsp//libhal_bsp.a(alt_write.o)
                0x00000000000039d0                write
 .text          0x0000000000003ad4       0xbc ../blink_bsp//libhal_bsp.a(alt_sys_init.o)
                0x0000000000003b08                alt_irq_init
                0x0000000000003b44                alt_sys_init
 .text          0x0000000000003b90      0x164 ../blink_bsp//libhal_bsp.a(altera_avalon_jtag_uart_fd.o)
                0x0000000000003b90                altera_avalon_jtag_uart_read_fd
                0x0000000000003bf0                altera_avalon_jtag_uart_write_fd
                0x0000000000003c50                altera_avalon_jtag_uart_close_fd
                0x0000000000003ca0                altera_avalon_jtag_uart_ioctl_fd
 .text          0x0000000000003cf4      0x3e4 ../blink_bsp//libhal_bsp.a(altera_avalon_jtag_uart_init.o)
                0x0000000000003cf4                altera_avalon_jtag_uart_init
                0x0000000000004070                altera_avalon_jtag_uart_close
 .text          0x00000000000040d8       0xf4 ../blink_bsp//libhal_bsp.a(altera_avalon_jtag_uart_ioctl.o)
                0x00000000000040d8                altera_avalon_jtag_uart_ioctl
 .text          0x00000000000041cc      0x220 ../blink_bsp//libhal_bsp.a(altera_avalon_jtag_uart_read.o)
                0x00000000000041cc                altera_avalon_jtag_uart_read
 .text          0x00000000000043ec      0x228 ../blink_bsp//libhal_bsp.a(altera_avalon_jtag_uart_write.o)
                0x00000000000043ec                altera_avalon_jtag_uart_write
 .text          0x0000000000004614      0x160 ../blink_bsp//libhal_bsp.a(alt_alarm_start.o)
                0x0000000000004614                alt_alarm_start
 .text          0x0000000000004774      0x158 ../blink_bsp//libhal_bsp.a(alt_busy_sleep.o)
                0x0000000000004774                alt_busy_sleep
 .text          0x00000000000048cc       0x20 ../blink_bsp//libhal_bsp.a(alt_dcache_flush_all.o)
                0x00000000000048cc                alt_dcache_flush_all
 .text          0x00000000000048ec       0xe4 ../blink_bsp//libhal_bsp.a(alt_dev_llist_insert.o)
                0x0000000000004928                alt_dev_llist_insert
 .text          0x00000000000049d0       0x64 ../blink_bsp//libhal_bsp.a(alt_do_ctors.o)
                0x00000000000049d0                _do_ctors
 .text          0x0000000000004a34       0x64 ../blink_bsp//libhal_bsp.a(alt_do_dtors.o)
                0x0000000000004a34                _do_dtors
 .text          0x0000000000004a98       0x20 ../blink_bsp//libhal_bsp.a(alt_icache_flush_all.o)
                0x0000000000004a98                alt_icache_flush_all
 .text          0x0000000000004ab8      0x1b0 ../blink_bsp//libhal_bsp.a(alt_iic.o)
                0x0000000000004ab8                alt_ic_isr_register
                0x0000000000004b08                alt_ic_irq_enable
                0x0000000000004b90                alt_ic_irq_disable
                0x0000000000004c1c                alt_ic_irq_enabled
 .text          0x0000000000004c68       0xe8 ../blink_bsp//libhal_bsp.a(alt_iic_isr_register.o)
                0x0000000000004c68                alt_iic_isr_register
 .text          0x0000000000004d50      0x150 ../blink_bsp//libhal_bsp.a(alt_io_redirect.o)
                0x0000000000004e24                alt_io_redirect
 .text          0x0000000000004ea0        0x0 ../blink_bsp//libhal_bsp.a(alt_irq_entry.o)
 .text          0x0000000000004ea0        0x0 ../blink_bsp//libhal_bsp.a(alt_irq_handler.o)
 .text          0x0000000000004ea0        0x0 ../blink_bsp//libhal_bsp.a(alt_irq_vars.o)
 .text          0x0000000000004ea0      0x278 ../blink_bsp//libhal_bsp.a(alt_open.o)
                0x0000000000004fb8                open
 .text          0x0000000000005118      0x1d0 ../blink_bsp//libhal_bsp.a(alt_tick.o)
                0x0000000000005118                alt_alarm_stop
                0x00000000000051bc                alt_tick
 .text          0x00000000000052e8       0x24 ../blink_bsp//libhal_bsp.a(altera_nios2_gen2_irq.o)
                0x00000000000052e8                altera_nios2_gen2_irq_init
 .text          0x000000000000530c        0x0 ../blink_bsp//libhal_bsp.a(alt_exception_entry.o)
 .text          0x000000000000530c       0x90 ../blink_bsp//libhal_bsp.a(alt_find_dev.o)
                0x000000000000530c                alt_find_dev
 .text          0x000000000000539c      0x108 ../blink_bsp//libhal_bsp.a(alt_find_file.o)
                0x000000000000539c                alt_find_file
 .text          0x00000000000054a4       0xb8 ../blink_bsp//libhal_bsp.a(alt_get_fd.o)
                0x00000000000054a4                alt_get_fd
 .text          0x000000000000555c       0x74 ../blink_bsp//libhal_bsp.a(alt_instruction_exception_entry.o)
                0x000000000000555c                alt_exception_cause_generated_bad_addr
 .text          0x00000000000055d0        0x0 /opt/intelFPGA_lite/22.1std/nios2eds/bin/gnu/H-x86_64-pc-linux-gnu/bin/../lib/gcc/nios2-elf/12.2.1/../../../../../H-x86_64-pc-linux-gnu/nios2-elf/lib/mno-hw-mul/libc.a(lib_a-atexit.o)
 .text.atexit   0x00000000000055d0       0x14 /opt/intelFPGA_lite/22.1std/nios2eds/bin/gnu/H-x86_64-pc-linux-gnu/bin/../lib/gcc/nios2-elf/12.2.1/../../../../../H-x86_64-pc-linux-gnu/nios2-elf/lib/mno-hw-mul/libc.a(lib_a-atexit.o)
                0x00000000000055d0                atexit
 .text          0x00000000000055e4        0x0 /opt/intelFPGA_lite/22.1std/nios2eds/bin/gnu/H-x86_64-pc-linux-gnu/bin/../lib/gcc/nios2-elf/12.2.1/../../../../../H-x86_64-pc-linux-gnu/nios2-elf/lib/mno-hw-mul/libc.a(lib_a-exit.o)
 .text.exit     0x00000000000055e4       0x34 /opt/intelFPGA_lite/22.1std/nios2eds/bin/gnu/H-x86_64-pc-linux-gnu/bin/../lib/gcc/nios2-elf/12.2.1/../../../../../H-x86_64-pc-linux-gnu/nios2-elf/lib/mno-hw-mul/libc.a(lib_a-exit.o)
                0x00000000000055e4                exit
 .text          0x0000000000005618        0x0 /opt/intelFPGA_lite/22.1std/nios2eds/bin/gnu/H-x86_64-pc-linux-gnu/bin/../lib/gcc/nios2-elf/12.2.1/../../../../../H-x86_64-pc-linux-gnu/nios2-elf/lib/mno-hw-mul/libc.a(lib_a-memcmp.o)
 .text.memcmp   0x0000000000005618       0x78 /opt/intelFPGA_lite/22.1std/nios2eds/bin/gnu/H-x86_64-pc-linux-gnu/bin/../lib/gcc/nios2-elf/12.2.1/../../../../../H-x86_64-pc-linux-gnu/nios2-elf/lib/mno-hw-mul/libc.a(lib_a-memcmp.o)
                0x0000000000005618                memcmp
 .text          0x0000000000005690        0x0 /opt/intelFPGA_lite/22.1std/nios2eds/bin/gnu/H-x86_64-pc-linux-gnu/bin/../lib/gcc/nios2-elf/12.2.1/../../../../../H-x86_64-pc-linux-gnu/nios2-elf/lib/mno-hw-mul/libc.a(lib_a-__atexit.o)
 .text.__register_exitproc
                0x0000000000005690       0x90 /opt/intelFPGA_lite/22.1std/nios2eds/bin/gnu/H-x86_64-pc-linux-gnu/bin/../lib/gcc/nios2-elf/12.2.1/../../../../../H-x86_64-pc-linux-gnu/nios2-elf/lib/mno-hw-mul/libc.a(lib_a-__atexit.o)
                0x0000000000005690                __register_exitproc
 .text          0x0000000000005720        0x0 /opt/intelFPGA_lite/22.1std/nios2eds/bin/gnu/H-x86_64-pc-linux-gnu/bin/../lib/gcc/nios2-elf/12.2.1/../../../../../H-x86_64-pc-linux-gnu/nios2-elf/lib/mno-hw-mul/libc.a(lib_a-__call_atexit.o)
 .text.__call_exitprocs
                0x0000000000005720      0x120 /opt/intelFPGA_lite/22.1std/nios2eds/bin/gnu/H-x86_64-pc-linux-gnu/bin/../lib/gcc/nios2-elf/12.2.1/../../../../../H-x86_64-pc-linux-gnu/nios2-elf/lib/mno-hw-mul/libc.a(lib_a-__call_atexit.o)
                0x0000000000005720                __call_exitprocs
 .text          0x0000000000005840       0x3c ../blink_bsp//libhal_bsp.a(alt_exit.o)
                0x0000000000005840                _exit
 *(.gnu.warning.*)
 *(.fini)
                [!provide]                        PROVIDE (__etext = ABSOLUTE (.))
                [!provide]                        PROVIDE (_etext = ABSOLUTE (.))
                [!provide]                        PROVIDE (etext = ABSOLUTE (.))
 *(.eh_frame_hdr)
                0x000000000000587c                . = ALIGN (0x4)
                [!provide]                        PROVIDE (__preinit_array_start = ABSOLUTE (.))
 *(.preinit_array)
                [!provide]                        PROVIDE (__preinit_array_end = ABSOLUTE (.))
                [!provide]                        PROVIDE (__init_array_start = ABSOLUTE (.))
 *(.init_array)
                [!provide]                        PROVIDE (__init_array_end = ABSOLUTE (.))
                [!provide]                        PROVIDE (__fini_array_start = ABSOLUTE (.))
 *(.fini_array)
                [!provide]                        PROVIDE (__fini_array_end = ABSOLUTE (.))
 *(.eh_frame)
 *(.gcc_except_table .gcc_except_table.*)
 *(.dynamic)
                0x000000000000587c                PROVIDE (__CTOR_LIST__ = ABSOLUTE (.))
 *(.ctors)
 *(SORT_BY_NAME(.ctors.*))
                0x000000000000587c                PROVIDE (__CTOR_END__ = ABSOLUTE (.))
                0x000000000000587c                PROVIDE (__DTOR_LIST__ = ABSOLUTE (.))
 *(.dtors)
 *(SORT_BY_NAME(.dtors.*))
                0x000000000000587c                PROVIDE (__DTOR_END__ = ABSOLUTE (.))
 *(.jcr)
                0x000000000000587c                . = ALIGN (0x4)

.rodata         0x000000000000587c       0x4c
                0x000000000000587c                PROVIDE (__ram_rodata_start = ABSOLUTE (.))
                0x000000000000587c                . = ALIGN (0x4)
 *(.rodata .rodata.* .gnu.linkonce.r.*)
 .rodata        0x000000000000587c       0x14 obj/default/hello_world.o
 .rodata._puts_r.str1.4
                0x0000000000005890        0x2 /opt/intelFPGA_lite/22.1std/nios2eds/bin/gnu/H-x86_64-pc-linux-gnu/bin/../lib/gcc/nios2-elf/12.2.1/../../../../../H-x86_64-pc-linux-gnu/nios2-elf/lib/mno-hw-mul/libc.a(lib_a-puts.o)
 *fill*         0x0000000000005892        0x2 
 .rodata        0x0000000000005894        0xa ../blink_bsp//libhal_bsp.a(alt_dev.o)
 *fill*         0x000000000000589e        0x2 
 .rodata        0x00000000000058a0       0x11 ../blink_bsp//libhal_bsp.a(alt_main.o)
 *fill*         0x00000000000058b1        0x3 
 .rodata        0x00000000000058b4       0x11 ../blink_bsp//libhal_bsp.a(alt_sys_init.o)
 *(.rodata1)
                0x00000000000058c8                . = ALIGN (0x4)
 *fill*         0x00000000000058c5        0x3 
                0x00000000000058c8                PROVIDE (__ram_rodata_end = ABSOLUTE (.))
                0x000000000000587c                PROVIDE (__flash_rodata_start = LOADADDR (.rodata))

.rwdata         0x00000000000058c8     0x1a6c load address 0x0000000000007334
                0x00000000000058c8                PROVIDE (__ram_rwdata_start = ABSOLUTE (.))
                0x00000000000058c8                . = ALIGN (0x4)
 *(.got.plt)
 *(.got)
 *(.data1)
 *(.data .data.* .gnu.linkonce.d.*)
 .data          0x00000000000058c8        0x0 ../blink_bsp//obj/HAL/src/crt0.o
 .data          0x00000000000058c8        0x0 obj/default/hello_world.o
 .data          0x00000000000058c8        0x0 /opt/intelFPGA_lite/22.1std/nios2eds/bin/gnu/H-x86_64-pc-linux-gnu/bin/../lib/gcc/nios2-elf/12.2.1/../../../../../H-x86_64-pc-linux-gnu/nios2-elf/lib/mno-hw-mul/libc.a(lib_a-puts.o)
 .data          0x00000000000058c8        0x0 /opt/intelFPGA_lite/22.1std/nios2eds/bin/gnu/H-x86_64-pc-linux-gnu/bin/../lib/gcc/nios2-elf/12.2.1/../../../../../H-x86_64-pc-linux-gnu/nios2-elf/lib/mno-hw-mul/libc.a(lib_a-strlen.o)
 .data          0x00000000000058c8        0x0 /opt/intelFPGA_lite/22.1std/nios2eds/bin/gnu/H-x86_64-pc-linux-gnu/bin/../lib/gcc/nios2-elf/12.2.1/../../../../../H-x86_64-pc-linux-gnu/nios2-elf/lib/mno-hw-mul/libc.a(lib_a-findfp.o)
 .data          0x00000000000058c8        0x0 /opt/intelFPGA_lite/22.1std/nios2eds/bin/gnu/H-x86_64-pc-linux-gnu/bin/../lib/gcc/nios2-elf/12.2.1/../../../../../H-x86_64-pc-linux-gnu/nios2-elf/lib/mno-hw-mul/libc.a(lib_a-fvwrite.o)
 .data          0x00000000000058c8        0x0 /opt/intelFPGA_lite/22.1std/nios2eds/bin/gnu/H-x86_64-pc-linux-gnu/bin/../lib/gcc/nios2-elf/12.2.1/../../../../../H-x86_64-pc-linux-gnu/nios2-elf/lib/mno-hw-mul/libc.a(lib_a-fwalk.o)
 .data          0x00000000000058c8        0x0 /opt/intelFPGA_lite/22.1std/nios2eds/bin/gnu/H-x86_64-pc-linux-gnu/bin/../lib/gcc/nios2-elf/12.2.1/../../../../../H-x86_64-pc-linux-gnu/nios2-elf/lib/mno-hw-mul/libc.a(lib_a-impure.o)
 .data.impure_data
                0x00000000000058c8      0x424 /opt/intelFPGA_lite/22.1std/nios2eds/bin/gnu/H-x86_64-pc-linux-gnu/bin/../lib/gcc/nios2-elf/12.2.1/../../../../../H-x86_64-pc-linux-gnu/nios2-elf/lib/mno-hw-mul/libc.a(lib_a-impure.o)
 .data          0x0000000000005cec        0x0 /opt/intelFPGA_lite/22.1std/nios2eds/bin/gnu/H-x86_64-pc-linux-gnu/bin/../lib/gcc/nios2-elf/12.2.1/../../../../../H-x86_64-pc-linux-gnu/nios2-elf/lib/mno-hw-mul/libc.a(lib_a-mallocr.o)
 .data.__malloc_av_
                0x0000000000005cec      0x408 /opt/intelFPGA_lite/22.1std/nios2eds/bin/gnu/H-x86_64-pc-linux-gnu/bin/../lib/gcc/nios2-elf/12.2.1/../../../../../H-x86_64-pc-linux-gnu/nios2-elf/lib/mno-hw-mul/libc.a(lib_a-mallocr.o)
                0x0000000000005cec                __malloc_av_
 .data          0x00000000000060f4        0x0 /opt/intelFPGA_lite/22.1std/nios2eds/bin/gnu/H-x86_64-pc-linux-gnu/bin/../lib/gcc/nios2-elf/12.2.1/../../../../../H-x86_64-pc-linux-gnu/nios2-elf/lib/mno-hw-mul/libc.a(lib_a-memchr.o)
 .data          0x00000000000060f4        0x0 /opt/intelFPGA_lite/22.1std/nios2eds/bin/gnu/H-x86_64-pc-linux-gnu/bin/../lib/gcc/nios2-elf/12.2.1/../../../../../H-x86_64-pc-linux-gnu/nios2-elf/lib/mno-hw-mul/libc.a(lib_a-memcpy.o)
 .data          0x00000000000060f4        0x0 /opt/intelFPGA_lite/22.1std/nios2eds/bin/gnu/H-x86_64-pc-linux-gnu/bin/../lib/gcc/nios2-elf/12.2.1/../../../../../H-x86_64-pc-linux-gnu/nios2-elf/lib/mno-hw-mul/libc.a(lib_a-memmove.o)
 .data          0x00000000000060f4        0x0 /opt/intelFPGA_lite/22.1std/nios2eds/bin/gnu/H-x86_64-pc-linux-gnu/bin/../lib/gcc/nios2-elf/12.2.1/../../../../../H-x86_64-pc-linux-gnu/nios2-elf/lib/mno-hw-mul/libc.a(lib_a-memset.o)
 .data          0x00000000000060f4        0x0 /opt/intelFPGA_lite/22.1std/nios2eds/bin/gnu/H-x86_64-pc-linux-gnu/bin/../lib/gcc/nios2-elf/12.2.1/../../../../../H-x86_64-pc-linux-gnu/nios2-elf/lib/mno-hw-mul/libc.a(lib_a-reallocr.o)
 .data          0x00000000000060f4        0x0 /opt/intelFPGA_lite/22.1std/nios2eds/bin/gnu/H-x86_64-pc-linux-gnu/bin/../lib/gcc/nios2-elf/12.2.1/../../../../../H-x86_64-pc-linux-gnu/nios2-elf/lib/mno-hw-mul/libc.a(lib_a-sbrkr.o)
 .data          0x00000000000060f4        0x0 /opt/intelFPGA_lite/22.1std/nios2eds/bin/gnu/H-x86_64-pc-linux-gnu/bin/../lib/gcc/nios2-elf/12.2.1/../../../../../H-x86_64-pc-linux-gnu/nios2-elf/lib/mno-hw-mul/libc.a(lib_a-stdio.o)
 .data          0x00000000000060f4        0x0 /opt/intelFPGA_lite/22.1std/nios2eds/bin/gnu/H-x86_64-pc-linux-gnu/bin/../lib/gcc/nios2-elf/12.2.1/../../../../../H-x86_64-pc-linux-gnu/nios2-elf/lib/mno-hw-mul/libc.a(lib_a-writer.o)
 .data          0x00000000000060f4        0x0 /opt/intelFPGA_lite/22.1std/nios2eds/bin/gnu/H-x86_64-pc-linux-gnu/bin/../lib/gcc/nios2-elf/12.2.1/../../../../../H-x86_64-pc-linux-gnu/nios2-elf/lib/mno-hw-mul/libc.a(lib_a-wsetup.o)
 .data          0x00000000000060f4        0x0 /opt/intelFPGA_lite/22.1std/nios2eds/bin/gnu/H-x86_64-pc-linux-gnu/bin/../lib/gcc/nios2-elf/12.2.1/../../../../../H-x86_64-pc-linux-gnu/nios2-elf/lib/mno-hw-mul/libc.a(closer.o)
 .data          0x00000000000060f4        0x0 /opt/intelFPGA_lite/22.1std/nios2eds/bin/gnu/H-x86_64-pc-linux-gnu/bin/../lib/gcc/nios2-elf/12.2.1/../../../../../H-x86_64-pc-linux-gnu/nios2-elf/lib/mno-hw-mul/libc.a(lib_a-fclose.o)
 .data          0x00000000000060f4        0x0 /opt/intelFPGA_lite/22.1std/nios2eds/bin/gnu/H-x86_64-pc-linux-gnu/bin/../lib/gcc/nios2-elf/12.2.1/../../../../../H-x86_64-pc-linux-gnu/nios2-elf/lib/mno-hw-mul/libc.a(lib_a-fflush.o)
 .data          0x00000000000060f4        0x0 /opt/intelFPGA_lite/22.1std/nios2eds/bin/gnu/H-x86_64-pc-linux-gnu/bin/../lib/gcc/nios2-elf/12.2.1/../../../../../H-x86_64-pc-linux-gnu/nios2-elf/lib/mno-hw-mul/libc.a(lib_a-freer.o)
 .data          0x00000000000060f4        0x0 /opt/intelFPGA_lite/22.1std/nios2eds/bin/gnu/H-x86_64-pc-linux-gnu/bin/../lib/gcc/nios2-elf/12.2.1/../../../../../H-x86_64-pc-linux-gnu/nios2-elf/lib/mno-hw-mul/libc.a(lib_a-int_errno.o)
 .data          0x00000000000060f4        0x0 /opt/intelFPGA_lite/22.1std/nios2eds/bin/gnu/H-x86_64-pc-linux-gnu/bin/../lib/gcc/nios2-elf/12.2.1/../../../../../H-x86_64-pc-linux-gnu/nios2-elf/lib/mno-hw-mul/libc.a(lib_a-lseekr.o)
 .data          0x00000000000060f4        0x0 /opt/intelFPGA_lite/22.1std/nios2eds/bin/gnu/H-x86_64-pc-linux-gnu/bin/../lib/gcc/nios2-elf/12.2.1/../../../../../H-x86_64-pc-linux-gnu/nios2-elf/lib/mno-hw-mul/libc.a(lib_a-makebuf.o)
 .data          0x00000000000060f4        0x0 /opt/intelFPGA_lite/22.1std/nios2eds/bin/gnu/H-x86_64-pc-linux-gnu/bin/../lib/gcc/nios2-elf/12.2.1/../../../../../H-x86_64-pc-linux-gnu/nios2-elf/lib/mno-hw-mul/libc.a(lib_a-readr.o)
 .data          0x00000000000060f4        0x0 /opt/intelFPGA_lite/22.1std/nios2eds/bin/gnu/H-x86_64-pc-linux-gnu/bin/../lib/gcc/nios2-elf/12.2.1/../../../../../H-x86_64-pc-linux-gnu/nios2-elf/lib/mno-hw-mul/libc.a(lib_a-fstatr.o)
 .data          0x00000000000060f4        0x0 /opt/intelFPGA_lite/22.1std/nios2eds/bin/gnu/H-x86_64-pc-linux-gnu/bin/../lib/gcc/nios2-elf/12.2.1/../../../../../H-x86_64-pc-linux-gnu/nios2-elf/lib/mno-hw-mul/libc.a(lib_a-isattyr.o)
 .data          0x00000000000060f4        0x0 /opt/intelFPGA_lite/22.1std/nios2eds/bin/gnu/H-x86_64-pc-linux-gnu/bin/../lib/gcc/nios2-elf/12.2.1/mno-hw-mul/libgcc.a(lib2-divmod.o)
 .data          0x00000000000060f4        0x0 /opt/intelFPGA_lite/22.1std/nios2eds/bin/gnu/H-x86_64-pc-linux-gnu/bin/../lib/gcc/nios2-elf/12.2.1/mno-hw-mul/libgcc.a(lib2-mul.o)
 .data          0x00000000000060f4        0x0 ../blink_bsp//libhal_bsp.a(alt_close.o)
 .data          0x00000000000060f4      0x1a8 ../blink_bsp//libhal_bsp.a(alt_dev.o)
                0x00000000000060f4                alt_dev_null
                0x000000000000611c                alt_fd_list
 .data          0x000000000000629c        0x0 ../blink_bsp//libhal_bsp.a(alt_errno.o)
 .data          0x000000000000629c        0x0 ../blink_bsp//libhal_bsp.a(alt_fstat.o)
 .data          0x000000000000629c        0x0 ../blink_bsp//libhal_bsp.a(alt_isatty.o)
 .data          0x000000000000629c        0x0 ../blink_bsp//libhal_bsp.a(alt_load.o)
 .data          0x000000000000629c        0x0 ../blink_bsp//libhal_bsp.a(alt_lseek.o)
 .data          0x000000000000629c        0x0 ../blink_bsp//libhal_bsp.a(alt_main.o)
 .data          0x000000000000629c        0x0 ../blink_bsp//libhal_bsp.a(alt_malloc_lock.o)
 .data          0x000000000000629c        0x0 ../blink_bsp//libhal_bsp.a(alt_read.o)
 .data          0x000000000000629c        0x0 ../blink_bsp//libhal_bsp.a(alt_release_fd.o)
 .data          0x000000000000629c        0x0 ../blink_bsp//libhal_bsp.a(alt_sbrk.o)
 .data          0x000000000000629c        0x0 ../blink_bsp//libhal_bsp.a(alt_usleep.o)
 .data          0x000000000000629c        0x0 ../blink_bsp//libhal_bsp.a(alt_write.o)
 .data          0x000000000000629c     0x1060 ../blink_bsp//libhal_bsp.a(alt_sys_init.o)
 .data          0x00000000000072fc        0x0 ../blink_bsp//libhal_bsp.a(altera_avalon_jtag_uart_fd.o)
 .data          0x00000000000072fc        0x0 ../blink_bsp//libhal_bsp.a(altera_avalon_jtag_uart_init.o)
 .data          0x00000000000072fc        0x0 ../blink_bsp//libhal_bsp.a(altera_avalon_jtag_uart_ioctl.o)
 .data          0x00000000000072fc        0x0 ../blink_bsp//libhal_bsp.a(altera_avalon_jtag_uart_read.o)
 .data          0x00000000000072fc        0x0 ../blink_bsp//libhal_bsp.a(altera_avalon_jtag_uart_write.o)
 .data          0x00000000000072fc        0x0 ../blink_bsp//libhal_bsp.a(alt_alarm_start.o)
 .data          0x00000000000072fc        0x0 ../blink_bsp//libhal_bsp.a(alt_busy_sleep.o)
 .data          0x00000000000072fc        0x0 ../blink_bsp//libhal_bsp.a(alt_dcache_flush_all.o)
 .data          0x00000000000072fc        0x0 ../blink_bsp//libhal_bsp.a(alt_dev_llist_insert.o)
 .data          0x00000000000072fc        0x0 ../blink_bsp//libhal_bsp.a(alt_do_ctors.o)
 .data          0x00000000000072fc        0x0 ../blink_bsp//libhal_bsp.a(alt_do_dtors.o)
 .data          0x00000000000072fc        0x0 ../blink_bsp//libhal_bsp.a(alt_icache_flush_all.o)
 .data          0x00000000000072fc        0x0 ../blink_bsp//libhal_bsp.a(alt_iic.o)
 .data          0x00000000000072fc        0x0 ../blink_bsp//libhal_bsp.a(alt_iic_isr_register.o)
 .data          0x00000000000072fc        0x0 ../blink_bsp//libhal_bsp.a(alt_io_redirect.o)
 .data          0x00000000000072fc        0x0 ../blink_bsp//libhal_bsp.a(alt_irq_entry.o)
 .data          0x00000000000072fc        0x0 ../blink_bsp//libhal_bsp.a(alt_irq_handler.o)
 .data          0x00000000000072fc        0x0 ../blink_bsp//libhal_bsp.a(alt_irq_vars.o)
 .data          0x00000000000072fc        0x0 ../blink_bsp//libhal_bsp.a(alt_open.o)
 .data          0x00000000000072fc        0x0 ../blink_bsp//libhal_bsp.a(alt_tick.o)
 .data          0x00000000000072fc        0x0 ../blink_bsp//libhal_bsp.a(altera_nios2_gen2_irq.o)
 .data          0x00000000000072fc        0x0 ../blink_bsp//libhal_bsp.a(alt_exception_entry.o)
 .data          0x00000000000072fc        0x0 ../blink_bsp//libhal_bsp.a(alt_find_dev.o)
 .data          0x00000000000072fc        0x0 ../blink_bsp//libhal_bsp.a(alt_find_file.o)
 .data          0x00000000000072fc        0x0 ../blink_bsp//libhal_bsp.a(alt_get_fd.o)
 .data          0x00000000000072fc        0x0 ../blink_bsp//libhal_bsp.a(alt_instruction_exception_entry.o)
 .data          0x00000000000072fc        0x0 /opt/intelFPGA_lite/22.1std/nios2eds/bin/gnu/H-x86_64-pc-linux-gnu/bin/../lib/gcc/nios2-elf/12.2.1/../../../../../H-x86_64-pc-linux-gnu/nios2-elf/lib/mno-hw-mul/libc.a(lib_a-atexit.o)
 .data          0x00000000000072fc        0x0 /opt/intelFPGA_lite/22.1std/nios2eds/bin/gnu/H-x86_64-pc-linux-gnu/bin/../lib/gcc/nios2-elf/12.2.1/../../../../../H-x86_64-pc-linux-gnu/nios2-elf/lib/mno-hw-mul/libc.a(lib_a-exit.o)
 .data          0x00000000000072fc        0x0 /opt/intelFPGA_lite/22.1std/nios2eds/bin/gnu/H-x86_64-pc-linux-gnu/bin/../lib/gcc/nios2-elf/12.2.1/../../../../../H-x86_64-pc-linux-gnu/nios2-elf/lib/mno-hw-mul/libc.a(lib_a-memcmp.o)
 .data          0x00000000000072fc        0x0 /opt/intelFPGA_lite/22.1std/nios2eds/bin/gnu/H-x86_64-pc-linux-gnu/bin/../lib/gcc/nios2-elf/12.2.1/../../../../../H-x86_64-pc-linux-gnu/nios2-elf/lib/mno-hw-mul/libc.a(lib_a-__atexit.o)
 .data          0x00000000000072fc        0x0 /opt/intelFPGA_lite/22.1std/nios2eds/bin/gnu/H-x86_64-pc-linux-gnu/bin/../lib/gcc/nios2-elf/12.2.1/../../../../../H-x86_64-pc-linux-gnu/nios2-elf/lib/mno-hw-mul/libc.a(lib_a-__call_atexit.o)
 .data          0x00000000000072fc        0x0 ../blink_bsp//libhal_bsp.a(alt_exit.o)
                0x000000000000f2fc                _gp = ABSOLUTE ((. + 0x8000))
                [!provide]                        PROVIDE (gp = _gp)
 *(.rwdata .rwdata.*)
 *(.sdata .sdata.* .gnu.linkonce.s.*)
 .sdata._global_impure_ptr
                0x00000000000072fc        0x4 /opt/intelFPGA_lite/22.1std/nios2eds/bin/gnu/H-x86_64-pc-linux-gnu/bin/../lib/gcc/nios2-elf/12.2.1/../../../../../H-x86_64-pc-linux-gnu/nios2-elf/lib/mno-hw-mul/libc.a(lib_a-impure.o)
                0x00000000000072fc                _global_impure_ptr
 .sdata._impure_ptr
                0x0000000000007300        0x4 /opt/intelFPGA_lite/22.1std/nios2eds/bin/gnu/H-x86_64-pc-linux-gnu/bin/../lib/gcc/nios2-elf/12.2.1/../../../../../H-x86_64-pc-linux-gnu/nios2-elf/lib/mno-hw-mul/libc.a(lib_a-impure.o)
                0x0000000000007300                _impure_ptr
 .sdata.__malloc_sbrk_base
                0x0000000000007304        0x4 /opt/intelFPGA_lite/22.1std/nios2eds/bin/gnu/H-x86_64-pc-linux-gnu/bin/../lib/gcc/nios2-elf/12.2.1/../../../../../H-x86_64-pc-linux-gnu/nios2-elf/lib/mno-hw-mul/libc.a(lib_a-mallocr.o)
                0x0000000000007304                __malloc_sbrk_base
 .sdata.__malloc_trim_threshold
                0x0000000000007308        0x4 /opt/intelFPGA_lite/22.1std/nios2eds/bin/gnu/H-x86_64-pc-linux-gnu/bin/../lib/gcc/nios2-elf/12.2.1/../../../../../H-x86_64-pc-linux-gnu/nios2-elf/lib/mno-hw-mul/libc.a(lib_a-mallocr.o)
                0x0000000000007308                __malloc_trim_threshold
 .sdata         0x000000000000730c       0x14 ../blink_bsp//libhal_bsp.a(alt_dev.o)
                0x000000000000730c                alt_fs_list
                0x0000000000007314                alt_dev_list
                0x000000000000731c                alt_max_fd
 .sdata         0x0000000000007320        0x4 ../blink_bsp//libhal_bsp.a(alt_errno.o)
                0x0000000000007320                alt_errno
 .sdata         0x0000000000007324        0x4 ../blink_bsp//libhal_bsp.a(alt_sbrk.o)
 .sdata         0x0000000000007328        0x4 ../blink_bsp//libhal_bsp.a(alt_irq_vars.o)
                0x0000000000007328                alt_priority_mask
 .sdata         0x000000000000732c        0x8 ../blink_bsp//libhal_bsp.a(alt_tick.o)
                0x000000000000732c                alt_alarm_list
 *(.sdata2 .sdata2.* .gnu.linkonce.s2.*)
                0x0000000000007334                . = ALIGN (0x4)
                0x0000000000007334                _edata = ABSOLUTE (.)
                [!provide]                        PROVIDE (edata = ABSOLUTE (.))
                0x0000000000007334                PROVIDE (__ram_rwdata_end = ABSOLUTE (.))
                0x0000000000007334                PROVIDE (__flash_rwdata_start = LOADADDR (.rwdata))

.bss            0x0000000000008da0      0x158
                0x0000000000008da0                __bss_start = ABSOLUTE (.)
                [!provide]                        PROVIDE (__sbss_start = ABSOLUTE (.))
                [!provide]                        PROVIDE (___sbss_start = ABSOLUTE (.))
 *(.dynsbss)
 *(.sbss .sbss.* .gnu.linkonce.sb.*)
 .sbss.__malloc_max_total_mem
                0x0000000000008da0        0x4 /opt/intelFPGA_lite/22.1std/nios2eds/bin/gnu/H-x86_64-pc-linux-gnu/bin/../lib/gcc/nios2-elf/12.2.1/../../../../../H-x86_64-pc-linux-gnu/nios2-elf/lib/mno-hw-mul/libc.a(lib_a-mallocr.o)
                0x0000000000008da0                __malloc_max_total_mem
 .sbss.__malloc_max_sbrked_mem
                0x0000000000008da4        0x4 /opt/intelFPGA_lite/22.1std/nios2eds/bin/gnu/H-x86_64-pc-linux-gnu/bin/../lib/gcc/nios2-elf/12.2.1/../../../../../H-x86_64-pc-linux-gnu/nios2-elf/lib/mno-hw-mul/libc.a(lib_a-mallocr.o)
                0x0000000000008da4                __malloc_max_sbrked_mem
 .sbss.__malloc_top_pad
                0x0000000000008da8        0x4 /opt/intelFPGA_lite/22.1std/nios2eds/bin/gnu/H-x86_64-pc-linux-gnu/bin/../lib/gcc/nios2-elf/12.2.1/../../../../../H-x86_64-pc-linux-gnu/nios2-elf/lib/mno-hw-mul/libc.a(lib_a-mallocr.o)
                0x0000000000008da8                __malloc_top_pad
 .sbss.errno    0x0000000000008dac        0x4 /opt/intelFPGA_lite/22.1std/nios2eds/bin/gnu/H-x86_64-pc-linux-gnu/bin/../lib/gcc/nios2-elf/12.2.1/../../../../../H-x86_64-pc-linux-gnu/nios2-elf/lib/mno-hw-mul/libc.a(lib_a-int_errno.o)
                0x0000000000008dac                errno
 .sbss          0x0000000000008db0        0xc ../blink_bsp//libhal_bsp.a(alt_main.o)
                0x0000000000008db0                alt_argc
                0x0000000000008db4                alt_argv
                0x0000000000008db8                alt_envp
 .sbss          0x0000000000008dbc        0x4 ../blink_bsp//libhal_bsp.a(alt_irq_vars.o)
                0x0000000000008dbc                alt_irq_active
 .sbss          0x0000000000008dc0        0xc ../blink_bsp//libhal_bsp.a(alt_tick.o)
                0x0000000000008dc0                _alt_tick_rate
                0x0000000000008dc4                _alt_nticks
 .sbss          0x0000000000008dcc        0x4 ../blink_bsp//libhal_bsp.a(alt_instruction_exception_entry.o)
                0x0000000000008dcc                alt_instruction_exception_handler
 *(.sbss2 .sbss2.* .gnu.linkonce.sb2.*)
 *(.scommon)
                [!provide]                        PROVIDE (__sbss_end = ABSOLUTE (.))
                [!provide]                        PROVIDE (___sbss_end = ABSOLUTE (.))
 *(.dynbss)
 *(.bss .bss.* .gnu.linkonce.b.*)
 .bss           0x0000000000008dd0        0x0 ../blink_bsp//obj/HAL/src/crt0.o
 .bss           0x0000000000008dd0        0x0 obj/default/hello_world.o
 .bss           0x0000000000008dd0        0x0 /opt/intelFPGA_lite/22.1std/nios2eds/bin/gnu/H-x86_64-pc-linux-gnu/bin/../lib/gcc/nios2-elf/12.2.1/../../../../../H-x86_64-pc-linux-gnu/nios2-elf/lib/mno-hw-mul/libc.a(lib_a-puts.o)
 .bss           0x0000000000008dd0        0x0 /opt/intelFPGA_lite/22.1std/nios2eds/bin/gnu/H-x86_64-pc-linux-gnu/bin/../lib/gcc/nios2-elf/12.2.1/../../../../../H-x86_64-pc-linux-gnu/nios2-elf/lib/mno-hw-mul/libc.a(lib_a-strlen.o)
 .bss           0x0000000000008dd0        0x0 /opt/intelFPGA_lite/22.1std/nios2eds/bin/gnu/H-x86_64-pc-linux-gnu/bin/../lib/gcc/nios2-elf/12.2.1/../../../../../H-x86_64-pc-linux-gnu/nios2-elf/lib/mno-hw-mul/libc.a(lib_a-findfp.o)
 .bss           0x0000000000008dd0        0x0 /opt/intelFPGA_lite/22.1std/nios2eds/bin/gnu/H-x86_64-pc-linux-gnu/bin/../lib/gcc/nios2-elf/12.2.1/../../../../../H-x86_64-pc-linux-gnu/nios2-elf/lib/mno-hw-mul/libc.a(lib_a-fvwrite.o)
 .bss           0x0000000000008dd0        0x0 /opt/intelFPGA_lite/22.1std/nios2eds/bin/gnu/H-x86_64-pc-linux-gnu/bin/../lib/gcc/nios2-elf/12.2.1/../../../../../H-x86_64-pc-linux-gnu/nios2-elf/lib/mno-hw-mul/libc.a(lib_a-fwalk.o)
 .bss           0x0000000000008dd0        0x0 /opt/intelFPGA_lite/22.1std/nios2eds/bin/gnu/H-x86_64-pc-linux-gnu/bin/../lib/gcc/nios2-elf/12.2.1/../../../../../H-x86_64-pc-linux-gnu/nios2-elf/lib/mno-hw-mul/libc.a(lib_a-impure.o)
 .bss           0x0000000000008dd0        0x0 /opt/intelFPGA_lite/22.1std/nios2eds/bin/gnu/H-x86_64-pc-linux-gnu/bin/../lib/gcc/nios2-elf/12.2.1/../../../../../H-x86_64-pc-linux-gnu/nios2-elf/lib/mno-hw-mul/libc.a(lib_a-mallocr.o)
 .bss.__malloc_current_mallinfo
                0x0000000000008dd0       0x28 /opt/intelFPGA_lite/22.1std/nios2eds/bin/gnu/H-x86_64-pc-linux-gnu/bin/../lib/gcc/nios2-elf/12.2.1/../../../../../H-x86_64-pc-linux-gnu/nios2-elf/lib/mno-hw-mul/libc.a(lib_a-mallocr.o)
                0x0000000000008dd0                __malloc_current_mallinfo
 .bss           0x0000000000008df8        0x0 /opt/intelFPGA_lite/22.1std/nios2eds/bin/gnu/H-x86_64-pc-linux-gnu/bin/../lib/gcc/nios2-elf/12.2.1/../../../../../H-x86_64-pc-linux-gnu/nios2-elf/lib/mno-hw-mul/libc.a(lib_a-memchr.o)
 .bss           0x0000000000008df8        0x0 /opt/intelFPGA_lite/22.1std/nios2eds/bin/gnu/H-x86_64-pc-linux-gnu/bin/../lib/gcc/nios2-elf/12.2.1/../../../../../H-x86_64-pc-linux-gnu/nios2-elf/lib/mno-hw-mul/libc.a(lib_a-memcpy.o)
 .bss           0x0000000000008df8        0x0 /opt/intelFPGA_lite/22.1std/nios2eds/bin/gnu/H-x86_64-pc-linux-gnu/bin/../lib/gcc/nios2-elf/12.2.1/../../../../../H-x86_64-pc-linux-gnu/nios2-elf/lib/mno-hw-mul/libc.a(lib_a-memmove.o)
 .bss           0x0000000000008df8        0x0 /opt/intelFPGA_lite/22.1std/nios2eds/bin/gnu/H-x86_64-pc-linux-gnu/bin/../lib/gcc/nios2-elf/12.2.1/../../../../../H-x86_64-pc-linux-gnu/nios2-elf/lib/mno-hw-mul/libc.a(lib_a-memset.o)
 .bss           0x0000000000008df8        0x0 /opt/intelFPGA_lite/22.1std/nios2eds/bin/gnu/H-x86_64-pc-linux-gnu/bin/../lib/gcc/nios2-elf/12.2.1/../../../../../H-x86_64-pc-linux-gnu/nios2-elf/lib/mno-hw-mul/libc.a(lib_a-reallocr.o)
 .bss           0x0000000000008df8        0x0 /opt/intelFPGA_lite/22.1std/nios2eds/bin/gnu/H-x86_64-pc-linux-gnu/bin/../lib/gcc/nios2-elf/12.2.1/../../../../../H-x86_64-pc-linux-gnu/nios2-elf/lib/mno-hw-mul/libc.a(lib_a-sbrkr.o)
 .bss           0x0000000000008df8        0x0 /opt/intelFPGA_lite/22.1std/nios2eds/bin/gnu/H-x86_64-pc-linux-gnu/bin/../lib/gcc/nios2-elf/12.2.1/../../../../../H-x86_64-pc-linux-gnu/nios2-elf/lib/mno-hw-mul/libc.a(lib_a-stdio.o)
 .bss           0x0000000000008df8        0x0 /opt/intelFPGA_lite/22.1std/nios2eds/bin/gnu/H-x86_64-pc-linux-gnu/bin/../lib/gcc/nios2-elf/12.2.1/../../../../../H-x86_64-pc-linux-gnu/nios2-elf/lib/mno-hw-mul/libc.a(lib_a-writer.o)
 .bss           0x0000000000008df8        0x0 /opt/intelFPGA_lite/22.1std/nios2eds/bin/gnu/H-x86_64-pc-linux-gnu/bin/../lib/gcc/nios2-elf/12.2.1/../../../../../H-x86_64-pc-linux-gnu/nios2-elf/lib/mno-hw-mul/libc.a(lib_a-wsetup.o)
 .bss           0x0000000000008df8        0x0 /opt/intelFPGA_lite/22.1std/nios2eds/bin/gnu/H-x86_64-pc-linux-gnu/bin/../lib/gcc/nios2-elf/12.2.1/../../../../../H-x86_64-pc-linux-gnu/nios2-elf/lib/mno-hw-mul/libc.a(closer.o)
 .bss           0x0000000000008df8        0x0 /opt/intelFPGA_lite/22.1std/nios2eds/bin/gnu/H-x86_64-pc-linux-gnu/bin/../lib/gcc/nios2-elf/12.2.1/../../../../../H-x86_64-pc-linux-gnu/nios2-elf/lib/mno-hw-mul/libc.a(lib_a-fclose.o)
 .bss           0x0000000000008df8        0x0 /opt/intelFPGA_lite/22.1std/nios2eds/bin/gnu/H-x86_64-pc-linux-gnu/bin/../lib/gcc/nios2-elf/12.2.1/../../../../../H-x86_64-pc-linux-gnu/nios2-elf/lib/mno-hw-mul/libc.a(lib_a-fflush.o)
 .bss           0x0000000000008df8        0x0 /opt/intelFPGA_lite/22.1std/nios2eds/bin/gnu/H-x86_64-pc-linux-gnu/bin/../lib/gcc/nios2-elf/12.2.1/../../../../../H-x86_64-pc-linux-gnu/nios2-elf/lib/mno-hw-mul/libc.a(lib_a-freer.o)
 .bss           0x0000000000008df8        0x0 /opt/intelFPGA_lite/22.1std/nios2eds/bin/gnu/H-x86_64-pc-linux-gnu/bin/../lib/gcc/nios2-elf/12.2.1/../../../../../H-x86_64-pc-linux-gnu/nios2-elf/lib/mno-hw-mul/libc.a(lib_a-int_errno.o)
 .bss           0x0000000000008df8        0x0 /opt/intelFPGA_lite/22.1std/nios2eds/bin/gnu/H-x86_64-pc-linux-gnu/bin/../lib/gcc/nios2-elf/12.2.1/../../../../../H-x86_64-pc-linux-gnu/nios2-elf/lib/mno-hw-mul/libc.a(lib_a-lseekr.o)
 .bss           0x0000000000008df8        0x0 /opt/intelFPGA_lite/22.1std/nios2eds/bin/gnu/H-x86_64-pc-linux-gnu/bin/../lib/gcc/nios2-elf/12.2.1/../../../../../H-x86_64-pc-linux-gnu/nios2-elf/lib/mno-hw-mul/libc.a(lib_a-makebuf.o)
 .bss           0x0000000000008df8        0x0 /opt/intelFPGA_lite/22.1std/nios2eds/bin/gnu/H-x86_64-pc-linux-gnu/bin/../lib/gcc/nios2-elf/12.2.1/../../../../../H-x86_64-pc-linux-gnu/nios2-elf/lib/mno-hw-mul/libc.a(lib_a-readr.o)
 .bss           0x0000000000008df8        0x0 /opt/intelFPGA_lite/22.1std/nios2eds/bin/gnu/H-x86_64-pc-linux-gnu/bin/../lib/gcc/nios2-elf/12.2.1/../../../../../H-x86_64-pc-linux-gnu/nios2-elf/lib/mno-hw-mul/libc.a(lib_a-fstatr.o)
 .bss           0x0000000000008df8        0x0 /opt/intelFPGA_lite/22.1std/nios2eds/bin/gnu/H-x86_64-pc-linux-gnu/bin/../lib/gcc/nios2-elf/12.2.1/../../../../../H-x86_64-pc-linux-gnu/nios2-elf/lib/mno-hw-mul/libc.a(lib_a-isattyr.o)
 .bss           0x0000000000008df8        0x0 /opt/intelFPGA_lite/22.1std/nios2eds/bin/gnu/H-x86_64-pc-linux-gnu/bin/../lib/gcc/nios2-elf/12.2.1/mno-hw-mul/libgcc.a(lib2-divmod.o)
 .bss           0x0000000000008df8        0x0 /opt/intelFPGA_lite/22.1std/nios2eds/bin/gnu/H-x86_64-pc-linux-gnu/bin/../lib/gcc/nios2-elf/12.2.1/mno-hw-mul/libgcc.a(lib2-mul.o)
 .bss           0x0000000000008df8        0x0 ../blink_bsp//libhal_bsp.a(alt_close.o)
 .bss           0x0000000000008df8        0x0 ../blink_bsp//libhal_bsp.a(alt_dev.o)
 .bss           0x0000000000008df8        0x0 ../blink_bsp//libhal_bsp.a(alt_errno.o)
 .bss           0x0000000000008df8        0x0 ../blink_bsp//libhal_bsp.a(alt_fstat.o)
 .bss           0x0000000000008df8        0x0 ../blink_bsp//libhal_bsp.a(alt_isatty.o)
 .bss           0x0000000000008df8        0x0 ../blink_bsp//libhal_bsp.a(alt_load.o)
 .bss           0x0000000000008df8        0x0 ../blink_bsp//libhal_bsp.a(alt_lseek.o)
 .bss           0x0000000000008df8        0x0 ../blink_bsp//libhal_bsp.a(alt_main.o)
 .bss           0x0000000000008df8        0x0 ../blink_bsp//libhal_bsp.a(alt_malloc_lock.o)
 .bss           0x0000000000008df8        0x0 ../blink_bsp//libhal_bsp.a(alt_read.o)
 .bss           0x0000000000008df8        0x0 ../blink_bsp//libhal_bsp.a(alt_release_fd.o)
 .bss           0x0000000000008df8        0x0 ../blink_bsp//libhal_bsp.a(alt_sbrk.o)
 .bss           0x0000000000008df8        0x0 ../blink_bsp//libhal_bsp.a(alt_usleep.o)
 .bss           0x0000000000008df8        0x0 ../blink_bsp//libhal_bsp.a(alt_write.o)
 .bss           0x0000000000008df8        0x0 ../blink_bsp//libhal_bsp.a(alt_sys_init.o)
 .bss           0x0000000000008df8        0x0 ../blink_bsp//libhal_bsp.a(altera_avalon_jtag_uart_fd.o)
 .bss           0x0000000000008df8        0x0 ../blink_bsp//libhal_bsp.a(altera_avalon_jtag_uart_init.o)
 .bss           0x0000000000008df8        0x0 ../blink_bsp//libhal_bsp.a(altera_avalon_jtag_uart_ioctl.o)
 .bss           0x0000000000008df8        0x0 ../blink_bsp//libhal_bsp.a(altera_avalon_jtag_uart_read.o)
 .bss           0x0000000000008df8        0x0 ../blink_bsp//libhal_bsp.a(altera_avalon_jtag_uart_write.o)
 .bss           0x0000000000008df8        0x0 ../blink_bsp//libhal_bsp.a(alt_alarm_start.o)
 .bss           0x0000000000008df8        0x0 ../blink_bsp//libhal_bsp.a(alt_busy_sleep.o)
 .bss           0x0000000000008df8        0x0 ../blink_bsp//libhal_bsp.a(alt_dcache_flush_all.o)
 .bss           0x0000000000008df8        0x0 ../blink_bsp//libhal_bsp.a(alt_dev_llist_insert.o)
 .bss           0x0000000000008df8        0x0 ../blink_bsp//libhal_bsp.a(alt_do_ctors.o)
 .bss           0x0000000000008df8        0x0 ../blink_bsp//libhal_bsp.a(alt_do_dtors.o)
 .bss           0x0000000000008df8        0x0 ../blink_bsp//libhal_bsp.a(alt_icache_flush_all.o)
 .bss           0x0000000000008df8        0x0 ../blink_bsp//libhal_bsp.a(alt_iic.o)
 .bss           0x0000000000008df8        0x0 ../blink_bsp//libhal_bsp.a(alt_iic_isr_register.o)
 .bss           0x0000000000008df8        0x0 ../blink_bsp//libhal_bsp.a(alt_io_redirect.o)
 .bss           0x0000000000008df8        0x0 ../blink_bsp//libhal_bsp.a(alt_irq_entry.o)
 .bss           0x0000000000008df8      0x100 ../blink_bsp//libhal_bsp.a(alt_irq_handler.o)
                0x0000000000008df8                alt_irq
 .bss           0x0000000000008ef8        0x0 ../blink_bsp//libhal_bsp.a(alt_irq_vars.o)
 .bss           0x0000000000008ef8        0x0 ../blink_bsp//libhal_bsp.a(alt_open.o)
 .bss           0x0000000000008ef8        0x0 ../blink_bsp//libhal_bsp.a(alt_tick.o)
 .bss           0x0000000000008ef8        0x0 ../blink_bsp//libhal_bsp.a(altera_nios2_gen2_irq.o)
 .bss           0x0000000000008ef8        0x0 ../blink_bsp//libhal_bsp.a(alt_exception_entry.o)
 .bss           0x0000000000008ef8        0x0 ../blink_bsp//libhal_bsp.a(alt_find_dev.o)
 .bss           0x0000000000008ef8        0x0 ../blink_bsp//libhal_bsp.a(alt_find_file.o)
 .bss           0x0000000000008ef8        0x0 ../blink_bsp//libhal_bsp.a(alt_get_fd.o)
 .bss           0x0000000000008ef8        0x0 ../blink_bsp//libhal_bsp.a(alt_instruction_exception_entry.o)
 .bss           0x0000000000008ef8        0x0 /opt/intelFPGA_lite/22.1std/nios2eds/bin/gnu/H-x86_64-pc-linux-gnu/bin/../lib/gcc/nios2-elf/12.2.1/../../../../../H-x86_64-pc-linux-gnu/nios2-elf/lib/mno-hw-mul/libc.a(lib_a-atexit.o)
 .bss           0x0000000000008ef8        0x0 /opt/intelFPGA_lite/22.1std/nios2eds/bin/gnu/H-x86_64-pc-linux-gnu/bin/../lib/gcc/nios2-elf/12.2.1/../../../../../H-x86_64-pc-linux-gnu/nios2-elf/lib/mno-hw-mul/libc.a(lib_a-exit.o)
 .bss           0x0000000000008ef8        0x0 /opt/intelFPGA_lite/22.1std/nios2eds/bin/gnu/H-x86_64-pc-linux-gnu/bin/../lib/gcc/nios2-elf/12.2.1/../../../../../H-x86_64-pc-linux-gnu/nios2-elf/lib/mno-hw-mul/libc.a(lib_a-memcmp.o)
 .bss           0x0000000000008ef8        0x0 /opt/intelFPGA_lite/22.1std/nios2eds/bin/gnu/H-x86_64-pc-linux-gnu/bin/../lib/gcc/nios2-elf/12.2.1/../../../../../H-x86_64-pc-linux-gnu/nios2-elf/lib/mno-hw-mul/libc.a(lib_a-__atexit.o)
 .bss           0x0000000000008ef8        0x0 /opt/intelFPGA_lite/22.1std/nios2eds/bin/gnu/H-x86_64-pc-linux-gnu/bin/../lib/gcc/nios2-elf/12.2.1/../../../../../H-x86_64-pc-linux-gnu/nios2-elf/lib/mno-hw-mul/libc.a(lib_a-__call_atexit.o)
 .bss           0x0000000000008ef8        0x0 ../blink_bsp//libhal_bsp.a(alt_exit.o)
 *(COMMON)
                0x0000000000008ef8                . = ALIGN (0x4)
                0x0000000000008ef8                __bss_end = ABSOLUTE (.)

.onchip_memory2_0
                0x0000000000008ef8        0x0
                [!provide]                        PROVIDE (_alt_partition_onchip_memory2_0_start = ABSOLUTE (.))
 *(.onchip_memory2_0 .onchip_memory2_0. onchip_memory2_0.*)
                0x0000000000008ef8                . = ALIGN (0x4)
                [!provide]                        PROVIDE (_alt_partition_onchip_memory2_0_end = ABSOLUTE (.))
                0x0000000000008ef8                _end = ABSOLUTE (.)
                0x0000000000008ef8                end = ABSOLUTE (.)
                0x0000000000008ef8                __alt_stack_base = ABSOLUTE (.)
                [!provide]                        PROVIDE (_alt_partition_onchip_memory2_0_load_addr = LOADADDR (.onchip_memory2_0))

.stab
 *(.stab)

.stabstr
 *(.stabstr)

.stab.excl
 *(.stab.excl)

.stab.exclstr
 *(.stab.exclstr)

.stab.index
 *(.stab.index)

.stab.indexstr
 *(.stab.indexstr)

.comment        0x0000000000000000       0x2d
 *(.comment)
 .comment       0x0000000000000000       0x2d obj/default/hello_world.o
                                         0x2e (size before relaxing)
 .comment       0x000000000000002d       0x2e /opt/intelFPGA_lite/22.1std/nios2eds/bin/gnu/H-x86_64-pc-linux-gnu/bin/../lib/gcc/nios2-elf/12.2.1/../../../../../H-x86_64-pc-linux-gnu/nios2-elf/lib/mno-hw-mul/libc.a(lib_a-puts.o)
 .comment       0x000000000000002d       0x2e /opt/intelFPGA_lite/22.1std/nios2eds/bin/gnu/H-x86_64-pc-linux-gnu/bin/../lib/gcc/nios2-elf/12.2.1/../../../../../H-x86_64-pc-linux-gnu/nios2-elf/lib/mno-hw-mul/libc.a(lib_a-strlen.o)
 .comment       0x000000000000002d       0x2e /opt/intelFPGA_lite/22.1std/nios2eds/bin/gnu/H-x86_64-pc-linux-gnu/bin/../lib/gcc/nios2-elf/12.2.1/../../../../../H-x86_64-pc-linux-gnu/nios2-elf/lib/mno-hw-mul/libc.a(lib_a-findfp.o)
 .comment       0x000000000000002d       0x2e /opt/intelFPGA_lite/22.1std/nios2eds/bin/gnu/H-x86_64-pc-linux-gnu/bin/../lib/gcc/nios2-elf/12.2.1/../../../../../H-x86_64-pc-linux-gnu/nios2-elf/lib/mno-hw-mul/libc.a(lib_a-fvwrite.o)
 .comment       0x000000000000002d       0x2e /opt/intelFPGA_lite/22.1std/nios2eds/bin/gnu/H-x86_64-pc-linux-gnu/bin/../lib/gcc/nios2-elf/12.2.1/../../../../../H-x86_64-pc-linux-gnu/nios2-elf/lib/mno-hw-mul/libc.a(lib_a-fwalk.o)
 .comment       0x000000000000002d       0x2e /opt/intelFPGA_lite/22.1std/nios2eds/bin/gnu/H-x86_64-pc-linux-gnu/bin/../lib/gcc/nios2-elf/12.2.1/../../../../../H-x86_64-pc-linux-gnu/nios2-elf/lib/mno-hw-mul/libc.a(lib_a-impure.o)
 .comment       0x000000000000002d       0x2e /opt/intelFPGA_lite/22.1std/nios2eds/bin/gnu/H-x86_64-pc-linux-gnu/bin/../lib/gcc/nios2-elf/12.2.1/../../../../../H-x86_64-pc-linux-gnu/nios2-elf/lib/mno-hw-mul/libc.a(lib_a-mallocr.o)
 .comment       0x000000000000002d       0x2e /opt/intelFPGA_lite/22.1std/nios2eds/bin/gnu/H-x86_64-pc-linux-gnu/bin/../lib/gcc/nios2-elf/12.2.1/../../../../../H-x86_64-pc-linux-gnu/nios2-elf/lib/mno-hw-mul/libc.a(lib_a-memchr.o)
 .comment       0x000000000000002d       0x2e /opt/intelFPGA_lite/22.1std/nios2eds/bin/gnu/H-x86_64-pc-linux-gnu/bin/../lib/gcc/nios2-elf/12.2.1/../../../../../H-x86_64-pc-linux-gnu/nios2-elf/lib/mno-hw-mul/libc.a(lib_a-memcpy.o)
 .comment       0x000000000000002d       0x2e /opt/intelFPGA_lite/22.1std/nios2eds/bin/gnu/H-x86_64-pc-linux-gnu/bin/../lib/gcc/nios2-elf/12.2.1/../../../../../H-x86_64-pc-linux-gnu/nios2-elf/lib/mno-hw-mul/libc.a(lib_a-memmove.o)
 .comment       0x000000000000002d       0x2e /opt/intelFPGA_lite/22.1std/nios2eds/bin/gnu/H-x86_64-pc-linux-gnu/bin/../lib/gcc/nios2-elf/12.2.1/../../../../../H-x86_64-pc-linux-gnu/nios2-elf/lib/mno-hw-mul/libc.a(lib_a-memset.o)
 .comment       0x000000000000002d       0x2e /opt/intelFPGA_lite/22.1std/nios2eds/bin/gnu/H-x86_64-pc-linux-gnu/bin/../lib/gcc/nios2-elf/12.2.1/../../../../../H-x86_64-pc-linux-gnu/nios2-elf/lib/mno-hw-mul/libc.a(lib_a-reallocr.o)
 .comment       0x000000000000002d       0x2e /opt/intelFPGA_lite/22.1std/nios2eds/bin/gnu/H-x86_64-pc-linux-gnu/bin/../lib/gcc/nios2-elf/12.2.1/../../../../../H-x86_64-pc-linux-gnu/nios2-elf/lib/mno-hw-mul/libc.a(lib_a-sbrkr.o)
 .comment       0x000000000000002d       0x2e /opt/intelFPGA_lite/22.1std/nios2eds/bin/gnu/H-x86_64-pc-linux-gnu/bin/../lib/gcc/nios2-elf/12.2.1/../../../../../H-x86_64-pc-linux-gnu/nios2-elf/lib/mno-hw-mul/libc.a(lib_a-stdio.o)
 .comment       0x000000000000002d       0x2e /opt/intelFPGA_lite/22.1std/nios2eds/bin/gnu/H-x86_64-pc-linux-gnu/bin/../lib/gcc/nios2-elf/12.2.1/../../../../../H-x86_64-pc-linux-gnu/nios2-elf/lib/mno-hw-mul/libc.a(lib_a-writer.o)
 .comment       0x000000000000002d       0x2e /opt/intelFPGA_lite/22.1std/nios2eds/bin/gnu/H-x86_64-pc-linux-gnu/bin/../lib/gcc/nios2-elf/12.2.1/../../../../../H-x86_64-pc-linux-gnu/nios2-elf/lib/mno-hw-mul/libc.a(lib_a-wsetup.o)
 .comment       0x000000000000002d       0x2e /opt/intelFPGA_lite/22.1std/nios2eds/bin/gnu/H-x86_64-pc-linux-gnu/bin/../lib/gcc/nios2-elf/12.2.1/../../../../../H-x86_64-pc-linux-gnu/nios2-elf/lib/mno-hw-mul/libc.a(closer.o)
 .comment       0x000000000000002d       0x2e /opt/intelFPGA_lite/22.1std/nios2eds/bin/gnu/H-x86_64-pc-linux-gnu/bin/../lib/gcc/nios2-elf/12.2.1/../../../../../H-x86_64-pc-linux-gnu/nios2-elf/lib/mno-hw-mul/libc.a(lib_a-fclose.o)
 .comment       0x000000000000002d       0x2e /opt/intelFPGA_lite/22.1std/nios2eds/bin/gnu/H-x86_64-pc-linux-gnu/bin/../lib/gcc/nios2-elf/12.2.1/../../../../../H-x86_64-pc-linux-gnu/nios2-elf/lib/mno-hw-mul/libc.a(lib_a-fflush.o)
 .comment       0x000000000000002d       0x2e /opt/intelFPGA_lite/22.1std/nios2eds/bin/gnu/H-x86_64-pc-linux-gnu/bin/../lib/gcc/nios2-elf/12.2.1/../../../../../H-x86_64-pc-linux-gnu/nios2-elf/lib/mno-hw-mul/libc.a(lib_a-freer.o)
 .comment       0x000000000000002d       0x2e /opt/intelFPGA_lite/22.1std/nios2eds/bin/gnu/H-x86_64-pc-linux-gnu/bin/../lib/gcc/nios2-elf/12.2.1/../../../../../H-x86_64-pc-linux-gnu/nios2-elf/lib/mno-hw-mul/libc.a(lib_a-int_errno.o)
 .comment       0x000000000000002d       0x2e /opt/intelFPGA_lite/22.1std/nios2eds/bin/gnu/H-x86_64-pc-linux-gnu/bin/../lib/gcc/nios2-elf/12.2.1/../../../../../H-x86_64-pc-linux-gnu/nios2-elf/lib/mno-hw-mul/libc.a(lib_a-lseekr.o)
 .comment       0x000000000000002d       0x2e /opt/intelFPGA_lite/22.1std/nios2eds/bin/gnu/H-x86_64-pc-linux-gnu/bin/../lib/gcc/nios2-elf/12.2.1/../../../../../H-x86_64-pc-linux-gnu/nios2-elf/lib/mno-hw-mul/libc.a(lib_a-makebuf.o)
 .comment       0x000000000000002d       0x2e /opt/intelFPGA_lite/22.1std/nios2eds/bin/gnu/H-x86_64-pc-linux-gnu/bin/../lib/gcc/nios2-elf/12.2.1/../../../../../H-x86_64-pc-linux-gnu/nios2-elf/lib/mno-hw-mul/libc.a(lib_a-readr.o)
 .comment       0x000000000000002d       0x2e /opt/intelFPGA_lite/22.1std/nios2eds/bin/gnu/H-x86_64-pc-linux-gnu/bin/../lib/gcc/nios2-elf/12.2.1/../../../../../H-x86_64-pc-linux-gnu/nios2-elf/lib/mno-hw-mul/libc.a(lib_a-fstatr.o)
 .comment       0x000000000000002d       0x2e /opt/intelFPGA_lite/22.1std/nios2eds/bin/gnu/H-x86_64-pc-linux-gnu/bin/../lib/gcc/nios2-elf/12.2.1/../../../../../H-x86_64-pc-linux-gnu/nios2-elf/lib/mno-hw-mul/libc.a(lib_a-isattyr.o)
 .comment       0x000000000000002d       0x2e /opt/intelFPGA_lite/22.1std/nios2eds/bin/gnu/H-x86_64-pc-linux-gnu/bin/../lib/gcc/nios2-elf/12.2.1/mno-hw-mul/libgcc.a(lib2-divmod.o)
 .comment       0x000000000000002d       0x2e /opt/intelFPGA_lite/22.1std/nios2eds/bin/gnu/H-x86_64-pc-linux-gnu/bin/../lib/gcc/nios2-elf/12.2.1/mno-hw-mul/libgcc.a(lib2-mul.o)
 .comment       0x000000000000002d       0x2e ../blink_bsp//libhal_bsp.a(alt_close.o)
 .comment       0x000000000000002d       0x2e ../blink_bsp//libhal_bsp.a(alt_dev.o)
 .comment       0x000000000000002d       0x2e ../blink_bsp//libhal_bsp.a(alt_errno.o)
 .comment       0x000000000000002d       0x2e ../blink_bsp//libhal_bsp.a(alt_fstat.o)
 .comment       0x000000000000002d       0x2e ../blink_bsp//libhal_bsp.a(alt_isatty.o)
 .comment       0x000000000000002d       0x2e ../blink_bsp//libhal_bsp.a(alt_load.o)
 .comment       0x000000000000002d       0x2e ../blink_bsp//libhal_bsp.a(alt_lseek.o)
 .comment       0x000000000000002d       0x2e ../blink_bsp//libhal_bsp.a(alt_main.o)
 .comment       0x000000000000002d       0x2e ../blink_bsp//libhal_bsp.a(alt_malloc_lock.o)
 .comment       0x000000000000002d       0x2e ../blink_bsp//libhal_bsp.a(alt_read.o)
 .comment       0x000000000000002d       0x2e ../blink_bsp//libhal_bsp.a(alt_release_fd.o)
 .comment       0x000000000000002d       0x2e ../blink_bsp//libhal_bsp.a(alt_sbrk.o)
 .comment       0x000000000000002d       0x2e ../blink_bsp//libhal_bsp.a(alt_usleep.o)
 .comment       0x000000000000002d       0x2e ../blink_bsp//libhal_bsp.a(alt_write.o)
 .comment       0x000000000000002d       0x2e ../blink_bsp//libhal_bsp.a(alt_sys_init.o)
 .comment       0x000000000000002d       0x2e ../blink_bsp//libhal_bsp.a(altera_avalon_jtag_uart_fd.o)
 .comment       0x000000000000002d       0x2e ../blink_bsp//libhal_bsp.a(altera_avalon_jtag_uart_init.o)
 .comment       0x000000000000002d       0x2e ../blink_bsp//libhal_bsp.a(altera_avalon_jtag_uart_ioctl.o)
 .comment       0x000000000000002d       0x2e ../blink_bsp//libhal_bsp.a(altera_avalon_jtag_uart_read.o)
 .comment       0x000000000000002d       0x2e ../blink_bsp//libhal_bsp.a(altera_avalon_jtag_uart_write.o)
 .comment       0x000000000000002d       0x2e ../blink_bsp//libhal_bsp.a(alt_alarm_start.o)
 .comment       0x000000000000002d       0x2e ../blink_bsp//libhal_bsp.a(alt_busy_sleep.o)
 .comment       0x000000000000002d       0x2e ../blink_bsp//libhal_bsp.a(alt_dcache_flush_all.o)
 .comment       0x000000000000002d       0x2e ../blink_bsp//libhal_bsp.a(alt_dev_llist_insert.o)
 .comment       0x000000000000002d       0x2e ../blink_bsp//libhal_bsp.a(alt_do_ctors.o)
 .comment       0x000000000000002d       0x2e ../blink_bsp//libhal_bsp.a(alt_do_dtors.o)
 .comment       0x000000000000002d       0x2e ../blink_bsp//libhal_bsp.a(alt_icache_flush_all.o)
 .comment       0x000000000000002d       0x2e ../blink_bsp//libhal_bsp.a(alt_iic.o)
 .comment       0x000000000000002d       0x2e ../blink_bsp//libhal_bsp.a(alt_iic_isr_register.o)
 .comment       0x000000000000002d       0x2e ../blink_bsp//libhal_bsp.a(alt_io_redirect.o)
 .comment       0x000000000000002d       0x2e ../blink_bsp//libhal_bsp.a(alt_irq_handler.o)
 .comment       0x000000000000002d       0x2e ../blink_bsp//libhal_bsp.a(alt_irq_vars.o)
 .comment       0x000000000000002d       0x2e ../blink_bsp//libhal_bsp.a(alt_open.o)
 .comment       0x000000000000002d       0x2e ../blink_bsp//libhal_bsp.a(alt_tick.o)
 .comment       0x000000000000002d       0x2e ../blink_bsp//libhal_bsp.a(altera_nios2_gen2_irq.o)
 .comment       0x000000000000002d       0x2e ../blink_bsp//libhal_bsp.a(alt_find_dev.o)
 .comment       0x000000000000002d       0x2e ../blink_bsp//libhal_bsp.a(alt_find_file.o)
 .comment       0x000000000000002d       0x2e ../blink_bsp//libhal_bsp.a(alt_get_fd.o)
 .comment       0x000000000000002d       0x2e ../blink_bsp//libhal_bsp.a(alt_instruction_exception_entry.o)
 .comment       0x000000000000002d       0x2e /opt/intelFPGA_lite/22.1std/nios2eds/bin/gnu/H-x86_64-pc-linux-gnu/bin/../lib/gcc/nios2-elf/12.2.1/../../../../../H-x86_64-pc-linux-gnu/nios2-elf/lib/mno-hw-mul/libc.a(lib_a-atexit.o)
 .comment       0x000000000000002d       0x2e /opt/intelFPGA_lite/22.1std/nios2eds/bin/gnu/H-x86_64-pc-linux-gnu/bin/../lib/gcc/nios2-elf/12.2.1/../../../../../H-x86_64-pc-linux-gnu/nios2-elf/lib/mno-hw-mul/libc.a(lib_a-exit.o)
 .comment       0x000000000000002d       0x2e /opt/intelFPGA_lite/22.1std/nios2eds/bin/gnu/H-x86_64-pc-linux-gnu/bin/../lib/gcc/nios2-elf/12.2.1/../../../../../H-x86_64-pc-linux-gnu/nios2-elf/lib/mno-hw-mul/libc.a(lib_a-memcmp.o)
 .comment       0x000000000000002d       0x2e /opt/intelFPGA_lite/22.1std/nios2eds/bin/gnu/H-x86_64-pc-linux-gnu/bin/../lib/gcc/nios2-elf/12.2.1/../../../../../H-x86_64-pc-linux-gnu/nios2-elf/lib/mno-hw-mul/libc.a(lib_a-__atexit.o)
 .comment       0x000000000000002d       0x2e /opt/intelFPGA_lite/22.1std/nios2eds/bin/gnu/H-x86_64-pc-linux-gnu/bin/../lib/gcc/nios2-elf/12.2.1/../../../../../H-x86_64-pc-linux-gnu/nios2-elf/lib/mno-hw-mul/libc.a(lib_a-__call_atexit.o)
 .comment       0x000000000000002d       0x2e ../blink_bsp//libhal_bsp.a(alt_exit.o)

.debug
 *(.debug)

.line
 *(.line)

.debug_srcinfo
 *(.debug_srcinfo)

.debug_sfnames
 *(.debug_sfnames)

.debug_aranges  0x0000000000000000      0xa70
 *(.debug_aranges)
 .debug_aranges
                0x0000000000000000       0x28 ../blink_bsp//obj/HAL/src/crt0.o
 .debug_aranges
                0x0000000000000028       0x20 obj/default/hello_world.o
 .debug_aranges
                0x0000000000000048       0x28 /opt/intelFPGA_lite/22.1std/nios2eds/bin/gnu/H-x86_64-pc-linux-gnu/bin/../lib/gcc/nios2-elf/12.2.1/../../../../../H-x86_64-pc-linux-gnu/nios2-elf/lib/mno-hw-mul/libc.a(lib_a-puts.o)
 .debug_aranges
                0x0000000000000070       0x20 /opt/intelFPGA_lite/22.1std/nios2eds/bin/gnu/H-x86_64-pc-linux-gnu/bin/../lib/gcc/nios2-elf/12.2.1/../../../../../H-x86_64-pc-linux-gnu/nios2-elf/lib/mno-hw-mul/libc.a(lib_a-strlen.o)
 .debug_aranges
                0x0000000000000090       0x88 /opt/intelFPGA_lite/22.1std/nios2eds/bin/gnu/H-x86_64-pc-linux-gnu/bin/../lib/gcc/nios2-elf/12.2.1/../../../../../H-x86_64-pc-linux-gnu/nios2-elf/lib/mno-hw-mul/libc.a(lib_a-findfp.o)
 .debug_aranges
                0x0000000000000118       0x20 /opt/intelFPGA_lite/22.1std/nios2eds/bin/gnu/H-x86_64-pc-linux-gnu/bin/../lib/gcc/nios2-elf/12.2.1/../../../../../H-x86_64-pc-linux-gnu/nios2-elf/lib/mno-hw-mul/libc.a(lib_a-fvwrite.o)
 .debug_aranges
                0x0000000000000138       0x28 /opt/intelFPGA_lite/22.1std/nios2eds/bin/gnu/H-x86_64-pc-linux-gnu/bin/../lib/gcc/nios2-elf/12.2.1/../../../../../H-x86_64-pc-linux-gnu/nios2-elf/lib/mno-hw-mul/libc.a(lib_a-fwalk.o)
 .debug_aranges
                0x0000000000000160       0x18 /opt/intelFPGA_lite/22.1std/nios2eds/bin/gnu/H-x86_64-pc-linux-gnu/bin/../lib/gcc/nios2-elf/12.2.1/../../../../../H-x86_64-pc-linux-gnu/nios2-elf/lib/mno-hw-mul/libc.a(lib_a-impure.o)
 .debug_aranges
                0x0000000000000178       0x20 /opt/intelFPGA_lite/22.1std/nios2eds/bin/gnu/H-x86_64-pc-linux-gnu/bin/../lib/gcc/nios2-elf/12.2.1/../../../../../H-x86_64-pc-linux-gnu/nios2-elf/lib/mno-hw-mul/libc.a(lib_a-mallocr.o)
 .debug_aranges
                0x0000000000000198       0x20 /opt/intelFPGA_lite/22.1std/nios2eds/bin/gnu/H-x86_64-pc-linux-gnu/bin/../lib/gcc/nios2-elf/12.2.1/../../../../../H-x86_64-pc-linux-gnu/nios2-elf/lib/mno-hw-mul/libc.a(lib_a-memchr.o)
 .debug_aranges
                0x00000000000001b8       0x20 /opt/intelFPGA_lite/22.1std/nios2eds/bin/gnu/H-x86_64-pc-linux-gnu/bin/../lib/gcc/nios2-elf/12.2.1/../../../../../H-x86_64-pc-linux-gnu/nios2-elf/lib/mno-hw-mul/libc.a(lib_a-memcpy.o)
 .debug_aranges
                0x00000000000001d8       0x20 /opt/intelFPGA_lite/22.1std/nios2eds/bin/gnu/H-x86_64-pc-linux-gnu/bin/../lib/gcc/nios2-elf/12.2.1/../../../../../H-x86_64-pc-linux-gnu/nios2-elf/lib/mno-hw-mul/libc.a(lib_a-memmove.o)
 .debug_aranges
                0x00000000000001f8       0x20 /opt/intelFPGA_lite/22.1std/nios2eds/bin/gnu/H-x86_64-pc-linux-gnu/bin/../lib/gcc/nios2-elf/12.2.1/../../../../../H-x86_64-pc-linux-gnu/nios2-elf/lib/mno-hw-mul/libc.a(lib_a-memset.o)
 .debug_aranges
                0x0000000000000218       0x20 /opt/intelFPGA_lite/22.1std/nios2eds/bin/gnu/H-x86_64-pc-linux-gnu/bin/../lib/gcc/nios2-elf/12.2.1/../../../../../H-x86_64-pc-linux-gnu/nios2-elf/lib/mno-hw-mul/libc.a(lib_a-reallocr.o)
 .debug_aranges
                0x0000000000000238       0x20 /opt/intelFPGA_lite/22.1std/nios2eds/bin/gnu/H-x86_64-pc-linux-gnu/bin/../lib/gcc/nios2-elf/12.2.1/../../../../../H-x86_64-pc-linux-gnu/nios2-elf/lib/mno-hw-mul/libc.a(lib_a-sbrkr.o)
 .debug_aranges
                0x0000000000000258       0x40 /opt/intelFPGA_lite/22.1std/nios2eds/bin/gnu/H-x86_64-pc-linux-gnu/bin/../lib/gcc/nios2-elf/12.2.1/../../../../../H-x86_64-pc-linux-gnu/nios2-elf/lib/mno-hw-mul/libc.a(lib_a-stdio.o)
 .debug_aranges
                0x0000000000000298       0x20 /opt/intelFPGA_lite/22.1std/nios2eds/bin/gnu/H-x86_64-pc-linux-gnu/bin/../lib/gcc/nios2-elf/12.2.1/../../../../../H-x86_64-pc-linux-gnu/nios2-elf/lib/mno-hw-mul/libc.a(lib_a-writer.o)
 .debug_aranges
                0x00000000000002b8       0x20 /opt/intelFPGA_lite/22.1std/nios2eds/bin/gnu/H-x86_64-pc-linux-gnu/bin/../lib/gcc/nios2-elf/12.2.1/../../../../../H-x86_64-pc-linux-gnu/nios2-elf/lib/mno-hw-mul/libc.a(lib_a-wsetup.o)
 .debug_aranges
                0x00000000000002d8       0x20 /opt/intelFPGA_lite/22.1std/nios2eds/bin/gnu/H-x86_64-pc-linux-gnu/bin/../lib/gcc/nios2-elf/12.2.1/../../../../../H-x86_64-pc-linux-gnu/nios2-elf/lib/mno-hw-mul/libc.a(closer.o)
 .debug_aranges
                0x00000000000002f8       0x28 /opt/intelFPGA_lite/22.1std/nios2eds/bin/gnu/H-x86_64-pc-linux-gnu/bin/../lib/gcc/nios2-elf/12.2.1/../../../../../H-x86_64-pc-linux-gnu/nios2-elf/lib/mno-hw-mul/libc.a(lib_a-fclose.o)
 .debug_aranges
                0x0000000000000320       0x30 /opt/intelFPGA_lite/22.1std/nios2eds/bin/gnu/H-x86_64-pc-linux-gnu/bin/../lib/gcc/nios2-elf/12.2.1/../../../../../H-x86_64-pc-linux-gnu/nios2-elf/lib/mno-hw-mul/libc.a(lib_a-fflush.o)
 .debug_aranges
                0x0000000000000350       0x28 /opt/intelFPGA_lite/22.1std/nios2eds/bin/gnu/H-x86_64-pc-linux-gnu/bin/../lib/gcc/nios2-elf/12.2.1/../../../../../H-x86_64-pc-linux-gnu/nios2-elf/lib/mno-hw-mul/libc.a(lib_a-freer.o)
 .debug_aranges
                0x0000000000000378       0x18 /opt/intelFPGA_lite/22.1std/nios2eds/bin/gnu/H-x86_64-pc-linux-gnu/bin/../lib/gcc/nios2-elf/12.2.1/../../../../../H-x86_64-pc-linux-gnu/nios2-elf/lib/mno-hw-mul/libc.a(lib_a-int_errno.o)
 .debug_aranges
                0x0000000000000390       0x20 /opt/intelFPGA_lite/22.1std/nios2eds/bin/gnu/H-x86_64-pc-linux-gnu/bin/../lib/gcc/nios2-elf/12.2.1/../../../../../H-x86_64-pc-linux-gnu/nios2-elf/lib/mno-hw-mul/libc.a(lib_a-lseekr.o)
 .debug_aranges
                0x00000000000003b0       0x28 /opt/intelFPGA_lite/22.1std/nios2eds/bin/gnu/H-x86_64-pc-linux-gnu/bin/../lib/gcc/nios2-elf/12.2.1/../../../../../H-x86_64-pc-linux-gnu/nios2-elf/lib/mno-hw-mul/libc.a(lib_a-makebuf.o)
 .debug_aranges
                0x00000000000003d8       0x20 /opt/intelFPGA_lite/22.1std/nios2eds/bin/gnu/H-x86_64-pc-linux-gnu/bin/../lib/gcc/nios2-elf/12.2.1/../../../../../H-x86_64-pc-linux-gnu/nios2-elf/lib/mno-hw-mul/libc.a(lib_a-readr.o)
 .debug_aranges
                0x00000000000003f8       0x20 /opt/intelFPGA_lite/22.1std/nios2eds/bin/gnu/H-x86_64-pc-linux-gnu/bin/../lib/gcc/nios2-elf/12.2.1/../../../../../H-x86_64-pc-linux-gnu/nios2-elf/lib/mno-hw-mul/libc.a(lib_a-fstatr.o)
 .debug_aranges
                0x0000000000000418       0x20 /opt/intelFPGA_lite/22.1std/nios2eds/bin/gnu/H-x86_64-pc-linux-gnu/bin/../lib/gcc/nios2-elf/12.2.1/../../../../../H-x86_64-pc-linux-gnu/nios2-elf/lib/mno-hw-mul/libc.a(lib_a-isattyr.o)
 .debug_aranges
                0x0000000000000438       0x20 /opt/intelFPGA_lite/22.1std/nios2eds/bin/gnu/H-x86_64-pc-linux-gnu/bin/../lib/gcc/nios2-elf/12.2.1/mno-hw-mul/libgcc.a(lib2-divmod.o)
 .debug_aranges
                0x0000000000000458       0x20 /opt/intelFPGA_lite/22.1std/nios2eds/bin/gnu/H-x86_64-pc-linux-gnu/bin/../lib/gcc/nios2-elf/12.2.1/mno-hw-mul/libgcc.a(lib2-mul.o)
 .debug_aranges
                0x0000000000000478       0x20 ../blink_bsp//libhal_bsp.a(alt_close.o)
 .debug_aranges
                0x0000000000000498       0x20 ../blink_bsp//libhal_bsp.a(alt_dev.o)
 .debug_aranges
                0x00000000000004b8       0x18 ../blink_bsp//libhal_bsp.a(alt_errno.o)
 .debug_aranges
                0x00000000000004d0       0x20 ../blink_bsp//libhal_bsp.a(alt_fstat.o)
 .debug_aranges
                0x00000000000004f0       0x20 ../blink_bsp//libhal_bsp.a(alt_isatty.o)
 .debug_aranges
                0x0000000000000510       0x20 ../blink_bsp//libhal_bsp.a(alt_load.o)
 .debug_aranges
                0x0000000000000530       0x20 ../blink_bsp//libhal_bsp.a(alt_lseek.o)
 .debug_aranges
                0x0000000000000550       0x20 ../blink_bsp//libhal_bsp.a(alt_main.o)
 .debug_aranges
                0x0000000000000570       0x20 ../blink_bsp//libhal_bsp.a(alt_malloc_lock.o)
 .debug_aranges
                0x0000000000000590       0x20 ../blink_bsp//libhal_bsp.a(alt_read.o)
 .debug_aranges
                0x00000000000005b0       0x20 ../blink_bsp//libhal_bsp.a(alt_release_fd.o)
 .debug_aranges
                0x00000000000005d0       0x20 ../blink_bsp//libhal_bsp.a(alt_sbrk.o)
 .debug_aranges
                0x00000000000005f0       0x20 ../blink_bsp//libhal_bsp.a(alt_usleep.o)
 .debug_aranges
                0x0000000000000610       0x20 ../blink_bsp//libhal_bsp.a(alt_write.o)
 .debug_aranges
                0x0000000000000630       0x20 ../blink_bsp//libhal_bsp.a(alt_sys_init.o)
 .debug_aranges
                0x0000000000000650       0x20 ../blink_bsp//libhal_bsp.a(altera_avalon_jtag_uart_fd.o)
 .debug_aranges
                0x0000000000000670       0x20 ../blink_bsp//libhal_bsp.a(altera_avalon_jtag_uart_init.o)
 .debug_aranges
                0x0000000000000690       0x20 ../blink_bsp//libhal_bsp.a(altera_avalon_jtag_uart_ioctl.o)
 .debug_aranges
                0x00000000000006b0       0x20 ../blink_bsp//libhal_bsp.a(altera_avalon_jtag_uart_read.o)
 .debug_aranges
                0x00000000000006d0       0x20 ../blink_bsp//libhal_bsp.a(altera_avalon_jtag_uart_write.o)
 .debug_aranges
                0x00000000000006f0       0x20 ../blink_bsp//libhal_bsp.a(alt_alarm_start.o)
 .debug_aranges
                0x0000000000000710       0x20 ../blink_bsp//libhal_bsp.a(alt_busy_sleep.o)
 .debug_aranges
                0x0000000000000730       0x20 ../blink_bsp//libhal_bsp.a(alt_dcache_flush_all.o)
 .debug_aranges
                0x0000000000000750       0x20 ../blink_bsp//libhal_bsp.a(alt_dev_llist_insert.o)
 .debug_aranges
                0x0000000000000770       0x20 ../blink_bsp//libhal_bsp.a(alt_do_ctors.o)
 .debug_aranges
                0x0000000000000790       0x20 ../blink_bsp//libhal_bsp.a(alt_do_dtors.o)
 .debug_aranges
                0x00000000000007b0       0x20 ../blink_bsp//libhal_bsp.a(alt_icache_flush_all.o)
 .debug_aranges
                0x00000000000007d0       0x20 ../blink_bsp//libhal_bsp.a(alt_iic.o)
 .debug_aranges
                0x00000000000007f0       0x20 ../blink_bsp//libhal_bsp.a(alt_iic_isr_register.o)
 .debug_aranges
                0x0000000000000810       0x20 ../blink_bsp//libhal_bsp.a(alt_io_redirect.o)
 .debug_aranges
                0x0000000000000830       0x30 ../blink_bsp//libhal_bsp.a(alt_irq_entry.o)
 .debug_aranges
                0x0000000000000860       0x20 ../blink_bsp//libhal_bsp.a(alt_irq_handler.o)
 .debug_aranges
                0x0000000000000880       0x18 ../blink_bsp//libhal_bsp.a(alt_irq_vars.o)
 .debug_aranges
                0x0000000000000898       0x20 ../blink_bsp//libhal_bsp.a(alt_open.o)
 .debug_aranges
                0x00000000000008b8       0x20 ../blink_bsp//libhal_bsp.a(alt_tick.o)
 .debug_aranges
                0x00000000000008d8       0x20 ../blink_bsp//libhal_bsp.a(altera_nios2_gen2_irq.o)
 .debug_aranges
                0x00000000000008f8       0x30 ../blink_bsp//libhal_bsp.a(alt_exception_entry.o)
 .debug_aranges
                0x0000000000000928       0x20 ../blink_bsp//libhal_bsp.a(alt_find_dev.o)
 .debug_aranges
                0x0000000000000948       0x20 ../blink_bsp//libhal_bsp.a(alt_find_file.o)
 .debug_aranges
                0x0000000000000968       0x20 ../blink_bsp//libhal_bsp.a(alt_get_fd.o)
 .debug_aranges
                0x0000000000000988       0x28 ../blink_bsp//libhal_bsp.a(alt_instruction_exception_entry.o)
 .debug_aranges
                0x00000000000009b0       0x20 /opt/intelFPGA_lite/22.1std/nios2eds/bin/gnu/H-x86_64-pc-linux-gnu/bin/../lib/gcc/nios2-elf/12.2.1/../../../../../H-x86_64-pc-linux-gnu/nios2-elf/lib/mno-hw-mul/libc.a(lib_a-atexit.o)
 .debug_aranges
                0x00000000000009d0       0x20 /opt/intelFPGA_lite/22.1std/nios2eds/bin/gnu/H-x86_64-pc-linux-gnu/bin/../lib/gcc/nios2-elf/12.2.1/../../../../../H-x86_64-pc-linux-gnu/nios2-elf/lib/mno-hw-mul/libc.a(lib_a-exit.o)
 .debug_aranges
                0x00000000000009f0       0x20 /opt/intelFPGA_lite/22.1std/nios2eds/bin/gnu/H-x86_64-pc-linux-gnu/bin/../lib/gcc/nios2-elf/12.2.1/../../../../../H-x86_64-pc-linux-gnu/nios2-elf/lib/mno-hw-mul/libc.a(lib_a-memcmp.o)
 .debug_aranges
                0x0000000000000a10       0x20 /opt/intelFPGA_lite/22.1std/nios2eds/bin/gnu/H-x86_64-pc-linux-gnu/bin/../lib/gcc/nios2-elf/12.2.1/../../../../../H-x86_64-pc-linux-gnu/nios2-elf/lib/mno-hw-mul/libc.a(lib_a-__atexit.o)
 .debug_aranges
                0x0000000000000a30       0x20 /opt/intelFPGA_lite/22.1std/nios2eds/bin/gnu/H-x86_64-pc-linux-gnu/bin/../lib/gcc/nios2-elf/12.2.1/../../../../../H-x86_64-pc-linux-gnu/nios2-elf/lib/mno-hw-mul/libc.a(lib_a-__call_atexit.o)
 .debug_aranges
                0x0000000000000a50       0x20 ../blink_bsp//libhal_bsp.a(alt_exit.o)

.debug_pubnames
 *(.debug_pubnames)